Archive member included to satisfy reference by file (symbol)

c:/ac6/systemworkbench/plugins/fr.ac6.mcu.externaltools.arm-none.win32_1.13.2.201703061525/tools/compiler/bin/../lib/gcc/arm-none-eabi/5.4.1/../../../../arm-none-eabi/lib/armv7e-m/fpu\libm.a(lib_a-sf_cos.o)
                              Src/command_handler.o (cosf)
c:/ac6/systemworkbench/plugins/fr.ac6.mcu.externaltools.arm-none.win32_1.13.2.201703061525/tools/compiler/bin/../lib/gcc/arm-none-eabi/5.4.1/../../../../arm-none-eabi/lib/armv7e-m/fpu\libm.a(lib_a-sf_lround.o)
                              Src/command_handler.o (lroundf)
c:/ac6/systemworkbench/plugins/fr.ac6.mcu.externaltools.arm-none.win32_1.13.2.201703061525/tools/compiler/bin/../lib/gcc/arm-none-eabi/5.4.1/../../../../arm-none-eabi/lib/armv7e-m/fpu\libm.a(lib_a-wf_atan2.o)
                              Src/command_handler.o (atan2f)
c:/ac6/systemworkbench/plugins/fr.ac6.mcu.externaltools.arm-none.win32_1.13.2.201703061525/tools/compiler/bin/../lib/gcc/arm-none-eabi/5.4.1/../../../../arm-none-eabi/lib/armv7e-m/fpu\libm.a(lib_a-ef_atan2.o)
                              c:/ac6/systemworkbench/plugins/fr.ac6.mcu.externaltools.arm-none.win32_1.13.2.201703061525/tools/compiler/bin/../lib/gcc/arm-none-eabi/5.4.1/../../../../arm-none-eabi/lib/armv7e-m/fpu\libm.a(lib_a-wf_atan2.o) (__ieee754_atan2f)
c:/ac6/systemworkbench/plugins/fr.ac6.mcu.externaltools.arm-none.win32_1.13.2.201703061525/tools/compiler/bin/../lib/gcc/arm-none-eabi/5.4.1/../../../../arm-none-eabi/lib/armv7e-m/fpu\libm.a(lib_a-ef_rem_pio2.o)
                              c:/ac6/systemworkbench/plugins/fr.ac6.mcu.externaltools.arm-none.win32_1.13.2.201703061525/tools/compiler/bin/../lib/gcc/arm-none-eabi/5.4.1/../../../../arm-none-eabi/lib/armv7e-m/fpu\libm.a(lib_a-sf_cos.o) (__ieee754_rem_pio2f)
c:/ac6/systemworkbench/plugins/fr.ac6.mcu.externaltools.arm-none.win32_1.13.2.201703061525/tools/compiler/bin/../lib/gcc/arm-none-eabi/5.4.1/../../../../arm-none-eabi/lib/armv7e-m/fpu\libm.a(lib_a-kf_cos.o)
                              c:/ac6/systemworkbench/plugins/fr.ac6.mcu.externaltools.arm-none.win32_1.13.2.201703061525/tools/compiler/bin/../lib/gcc/arm-none-eabi/5.4.1/../../../../arm-none-eabi/lib/armv7e-m/fpu\libm.a(lib_a-sf_cos.o) (__kernel_cosf)
c:/ac6/systemworkbench/plugins/fr.ac6.mcu.externaltools.arm-none.win32_1.13.2.201703061525/tools/compiler/bin/../lib/gcc/arm-none-eabi/5.4.1/../../../../arm-none-eabi/lib/armv7e-m/fpu\libm.a(lib_a-kf_rem_pio2.o)
                              c:/ac6/systemworkbench/plugins/fr.ac6.mcu.externaltools.arm-none.win32_1.13.2.201703061525/tools/compiler/bin/../lib/gcc/arm-none-eabi/5.4.1/../../../../arm-none-eabi/lib/armv7e-m/fpu\libm.a(lib_a-ef_rem_pio2.o) (__kernel_rem_pio2f)
c:/ac6/systemworkbench/plugins/fr.ac6.mcu.externaltools.arm-none.win32_1.13.2.201703061525/tools/compiler/bin/../lib/gcc/arm-none-eabi/5.4.1/../../../../arm-none-eabi/lib/armv7e-m/fpu\libm.a(lib_a-kf_sin.o)
                              c:/ac6/systemworkbench/plugins/fr.ac6.mcu.externaltools.arm-none.win32_1.13.2.201703061525/tools/compiler/bin/../lib/gcc/arm-none-eabi/5.4.1/../../../../arm-none-eabi/lib/armv7e-m/fpu\libm.a(lib_a-sf_cos.o) (__kernel_sinf)
c:/ac6/systemworkbench/plugins/fr.ac6.mcu.externaltools.arm-none.win32_1.13.2.201703061525/tools/compiler/bin/../lib/gcc/arm-none-eabi/5.4.1/../../../../arm-none-eabi/lib/armv7e-m/fpu\libm.a(lib_a-sf_atan.o)
                              c:/ac6/systemworkbench/plugins/fr.ac6.mcu.externaltools.arm-none.win32_1.13.2.201703061525/tools/compiler/bin/../lib/gcc/arm-none-eabi/5.4.1/../../../../arm-none-eabi/lib/armv7e-m/fpu\libm.a(lib_a-ef_atan2.o) (atanf)
c:/ac6/systemworkbench/plugins/fr.ac6.mcu.externaltools.arm-none.win32_1.13.2.201703061525/tools/compiler/bin/../lib/gcc/arm-none-eabi/5.4.1/../../../../arm-none-eabi/lib/armv7e-m/fpu\libm.a(lib_a-sf_fabs.o)
                              c:/ac6/systemworkbench/plugins/fr.ac6.mcu.externaltools.arm-none.win32_1.13.2.201703061525/tools/compiler/bin/../lib/gcc/arm-none-eabi/5.4.1/../../../../arm-none-eabi/lib/armv7e-m/fpu\libm.a(lib_a-ef_atan2.o) (fabsf)
c:/ac6/systemworkbench/plugins/fr.ac6.mcu.externaltools.arm-none.win32_1.13.2.201703061525/tools/compiler/bin/../lib/gcc/arm-none-eabi/5.4.1/../../../../arm-none-eabi/lib/armv7e-m/fpu\libm.a(lib_a-sf_floor.o)
                              c:/ac6/systemworkbench/plugins/fr.ac6.mcu.externaltools.arm-none.win32_1.13.2.201703061525/tools/compiler/bin/../lib/gcc/arm-none-eabi/5.4.1/../../../../arm-none-eabi/lib/armv7e-m/fpu\libm.a(lib_a-kf_rem_pio2.o) (floorf)
c:/ac6/systemworkbench/plugins/fr.ac6.mcu.externaltools.arm-none.win32_1.13.2.201703061525/tools/compiler/bin/../lib/gcc/arm-none-eabi/5.4.1/../../../../arm-none-eabi/lib/armv7e-m/fpu\libm.a(lib_a-sf_scalbn.o)
[...]
Memory Configuration

Name             Origin             Length             Attributes
RAM              0x20000000         0x00020000         xrw
CCMRAM           0x10000000         0x00010000         rw
FLASH            0x08000000         0x00100000         xr
*default*        0x00000000         0xffffffff

Linker script and memory map

LOAD c:/ac6/systemworkbench/plugins/fr.ac6.mcu.externaltools.arm-none.win32_1.13.2.201703061525/tools/compiler/bin/../lib/gcc/arm-none-eabi/5.4.1/armv7e-m/fpu/crti.o
LOAD c:/ac6/systemworkbench/plugins/fr.ac6.mcu.externaltools.arm-none.win32_1.13.2.201703061525/tools/compiler/bin/../lib/gcc/arm-none-eabi/5.4.1/armv7e-m/fpu/crtbegin.o
LOAD c:/ac6/systemworkbench/plugins/fr.ac6.mcu.externaltools.arm-none.win32_1.13.2.201703061525/tools/compiler/bin/../lib/gcc/arm-none-eabi/5.4.1/../../../../arm-none-eabi/lib/armv7e-m/fpu/crt0.o
LOAD Drivers/STM32F4xx_HAL_Driver/Src/stm32f4xx_hal.o
LOAD Drivers/STM32F4xx_HAL_Driver/Src/stm32f4xx_hal_cortex.o
LOAD Drivers/STM32F4xx_HAL_Driver/Src/stm32f4xx_hal_dma.o
LOAD Drivers/STM32F4xx_HAL_Driver/Src/stm32f4xx_hal_dma_ex.o
LOAD Drivers/STM32F4xx_HAL_Driver/Src/stm32f4xx_hal_flash.o
LOAD Drivers/STM32F4xx_HAL_Driver/Src/stm32f4xx_hal_flash_ex.o
LOAD Drivers/STM32F4xx_HAL_Driver/Src/stm32f4xx_hal_flash_ramfunc.o
LOAD Drivers/STM32F4xx_HAL_Driver/Src/stm32f4xx_hal_gpio.o
LOAD Drivers/STM32F4xx_HAL_Driver/Src/stm32f4xx_hal_pcd.o
LOAD Drivers/STM32F4xx_HAL_Driver/Src/stm32f4xx_hal_pcd_ex.o
LOAD Drivers/STM32F4xx_HAL_Driver/Src/stm32f4xx_hal_pwr.o
LOAD Drivers/STM32F4xx_HAL_Driver/Src/stm32f4xx_hal_pwr_ex.o
LOAD Drivers/STM32F4xx_HAL_Driver/Src/stm32f4xx_hal_rcc.o
LOAD Drivers/STM32F4xx_HAL_Driver/Src/stm32f4xx_hal_rcc_ex.o
LOAD Drivers/STM32F4xx_HAL_Driver/Src/stm32f4xx_hal_tim.o
LOAD Drivers/STM32F4xx_HAL_Driver/Src/stm32f4xx_hal_tim_ex.o
LOAD Drivers/STM32F4xx_HAL_Driver/Src/stm32f4xx_hal_uart.o
LOAD Drivers/STM32F4xx_HAL_Driver/Src/stm32f4xx_ll_usb.o
LOAD Middlewares/ST/STM32_USB_Device_Library/Class/CDC/Src/usbd_cdc.o
LOAD Middlewares/ST/STM32_USB_Device_Library/Core/Src/usbd_core.o
LOAD Middlewares/ST/STM32_USB_Device_Library/Core/Src/usbd_ctlreq.o
LOAD Middlewares/ST/STM32_USB_Device_Library/Core/Src/usbd_ioreq.o
LOAD Middlewares/nanopb-0.3.8/Src/pb_common.o
LOAD Middlewares/nanopb-0.3.8/Src/pb_decode.o
LOAD Middlewares/nanopb-0.3.8/Src/pb_encode.o
LOAD Protos/gen/packages/core/proto/timestamp.pb.o
LOAD Protos/gen/packages/hal/proto/vcu_command_envelope.pb.o
LOAD Protos/gen/packages/hal/proto/vcu_command_response.pb.o
LOAD Protos/gen/packages/hal/proto/vcu_emergency_stop_command.pb.o
LOAD Protos/gen/packages/hal/proto/vcu_idle_command.pb.o
LOAD Protos/gen/packages/hal/proto/vcu_servo_telemetry.pb.o
LOAD Protos/gen/packages/hal/proto/vcu_suspension_encoder_telemetry.pb.o
LOAD Protos/gen/packages/hal/proto/vcu_telemetry_envelope.pb.o
LOAD Protos/gen/packages/hal/proto/vcu_trajectory_command.pb.o
LOAD Protos/gen/packages/hal/proto/vcu_wheel_encoder_telemetry.pb.o
LOAD Src/comm_ascii.o
LOAD Src/comm_protobuf.o
LOAD Src/command_handler.o
LOAD Src/events.o
LOAD Src/main.o
LOAD Src/motor.o
LOAD Src/servo.o
LOAD Src/stm32f4xx_hal_msp.o
LOAD Src/stm32f4xx_it.o
LOAD Src/stubs.o
LOAD Src/system_stm32f4xx.o
LOAD Src/usb_device.o
LOAD Src/usbd_cdc_if.o
LOAD Src/usbd_conf.o
LOAD Src/usbd_desc.o
LOAD startup/startup_stm32f407xx.o
LOAD c:/ac6/systemworkbench/plugins/fr.ac6.mcu.externaltools.arm-none.win32_1.13.2.201703061525/tools/compiler/bin/../lib/gcc/arm-none-eabi/5.4.1/../../../../arm-none-eabi/lib/armv7e-m/fpu\libstdc++.a
LOAD c:/ac6/systemworkbench/plugins/fr.ac6.mcu.externaltools.arm-none.win32_1.13.2.201703061525/tools/compiler/bin/../lib/gcc/arm-none-eabi/5.4.1/../../../../arm-none-eabi/lib/armv7e-m/fpu\libm.a
START GROUP
LOAD c:/ac6/systemworkbench/plugins/fr.ac6.mcu.externaltools.arm-none.win32_1.13.2.201703061525/tools/compiler/bin/../lib/gcc/arm-none-eabi/5.4.1/armv7e-m/fpu\libgcc.a
LOAD c:/ac6/systemworkbench/plugins/fr.ac6.mcu.externaltools.arm-none.win32_1.13.2.201703061525/tools/compiler/bin/../lib/gcc/arm-none-eabi/5.4.1/../../../../arm-none-eabi/lib/armv7e-m/fpu\libc.a
END GROUP
LOAD c:/ac6/systemworkbench/plugins/fr.ac6.mcu.externaltools.arm-none.win32_1.13.2.201703061525/tools/compiler/bin/../lib/gcc/arm-none-eabi/5.4.1/armv7e-m/fpu/crtend.o
LOAD c:/ac6/systemworkbench/plugins/fr.ac6.mcu.externaltools.arm-none.win32_1.13.2.201703061525/tools/compiler/bin/../lib/gcc/arm-none-eabi/5.4.1/armv7e-m/fpu/crtn.o
                0x20020000                _estack = 0x20020000
                0x00000200                _Min_Heap_Size = 0x200
                0x00000400                _Min_Stack_Size = 0x400

.isr_vector     0x08000000      0x188
                0x08000000                . = ALIGN (0x4)
 *(.isr_vector)
 .isr_vector    0x08000000      0x188 startup/startup_stm32f407xx.o
                0x08000000                g_pfnVectors
                0x08000188                . = ALIGN (0x4)

.text           0x080001c0     0xa294
                0x080001c0                . = ALIGN (0x4)
 *(.text)
 .text          0x080001c0       0x5c c:/ac6/systemworkbench/plugins/fr.ac6.mcu.externaltools.arm-none.win32_1.13.2.201703061525/tools/compiler/bin/../lib/gcc/arm-none-eabi/5.4.1/armv7e-m/fpu/crtbegin.o
 .text          0x0800021c      0x134 c:/ac6/systemworkbench/plugins/fr.ac6.mcu.externaltools.arm-none.win32_1.13.2.201703061525/tools/compiler/bin/../lib/gcc/arm-none-eabi/5.4.1/../../../../arm-none-eabi/lib/armv7e-m/fpu\libc.a(lib_a-memcpy.o)
                0x0800021c                memcpy
 .text          0x08000350       0xa0 c:/ac6/systemworkbench/plugins/fr.ac6.mcu.externaltools.arm-none.win32_1.13.2.201703061525/tools/compiler/bin/../lib/gcc/arm-none-eabi/5.4.1/../../../../arm-none-eabi/lib/armv7e-m/fpu\libc.a(lib_a-memchr.o)
                0x08000350                memchr
 *fill*         0x080003f0       0x10 
 .text          0x08000400       0xdc c:/ac6/systemworkbench/plugins/fr.ac6.mcu.externaltools.arm-none.win32_1.13.2.201703061525/tools/compiler/bin/../lib/gcc/arm-none-eabi/5.4.1/../../../../arm-none-eabi/lib/armv7e-m/fpu\libc.a(lib_a-strlen.o)
                0x08000400                strlen
 .text          0x080004dc       0x30 c:/ac6/systemworkbench/plugins/fr.ac6.mcu.externaltools.arm-none.win32_1.13.2.201703061525/tools/compiler/bin/../lib/gcc/arm-none-eabi/5.4.1/armv7e-m/fpu\libgcc.a(_aeabi_uldivmod.o)
                0x080004dc                __aeabi_uldivmod
 .text          0x0800050c      0x2e4 c:/ac6/systemworkbench/plugins/fr.ac6.mcu.externaltools.arm-none.win32_1.13.2.201703061525/tools/compiler/bin/../lib/gcc/arm-none-eabi/5.4.1/armv7e-m/fpu\libgcc.a(_udivmoddi4.o)
                0x0800050c                __udivmoddi4
 .text          0x080007f0        0x4 c:/ac6/systemworkbench/plugins/fr.ac6.mcu.externaltools.arm-none.win32_1.13.2.201703061525/tools/compiler/bin/../lib/gcc/arm-none-eabi/5.4.1/armv7e-m/fpu\libgcc.a(_dvmd_tls.o)
                0x080007f0                __aeabi_idiv0
                0x080007f0                __aeabi_ldiv0
 *(.text*)
 .text.HAL_InitTick
                0x080007f4       0x2c Drivers/STM32F4xx_HAL_Driver/Src/stm32f4xx_hal.o
                0x080007f4                HAL_InitTick
 .text.HAL_Init
                0x08000820       0x34 Drivers/STM32F4xx_HAL_Driver/Src/stm32f4xx_hal.o
                0x08000820                HAL_Init
 .text.HAL_IncTick
                0x08000854       0x10 Drivers/STM32F4xx_HAL_Driver/Src/stm32f4xx_hal.o
                0x08000854                HAL_IncTick
 .text.HAL_GetTick
                0x08000864        0xc Drivers/STM32F4xx_HAL_Driver/Src/stm32f4xx_hal.o
                0x08000864                HAL_GetTick
 .text.HAL_Delay
                0x08000870       0x24 Drivers/STM32F4xx_HAL_Driver/Src/stm32f4xx_hal.o
                0x08000870                HAL_Delay
 .text.HAL_NVIC_SetPriorityGrouping
                0x08000894       0x24 Drivers/STM32F4xx_HAL_Driver/Src/stm32f4xx_hal_cortex.o
                0x08000894                HAL_NVIC_SetPriorityGrouping
 .text.HAL_NVIC_SetPriority
                0x080008b8       0x64 Drivers/STM32F4xx_HAL_Driver/Src/stm32f4xx_hal_cortex.o
                0x080008b8                HAL_NVIC_SetPriority
 .text.HAL_NVIC_EnableIRQ
                0x0800091c       0x18 Drivers/STM32F4xx_HAL_Driver/Src/stm32f4xx_hal_cortex.o
                0x0800091c                HAL_NVIC_EnableIRQ
 .text.HAL_SYSTICK_Config
                0x08000934       0x2c Drivers/STM32F4xx_HAL_Driver/Src/stm32f4xx_hal_cortex.o
                0x08000934                HAL_SYSTICK_Config
 .text.HAL_SYSTICK_CLKSourceConfig
                0x08000960       0x20 Drivers/STM32F4xx_HAL_Driver/Src/stm32f4xx_hal_cortex.o
                0x08000960                HAL_SYSTICK_CLKSourceConfig
 .text.HAL_SYSTICK_Callback
                0x08000980        0x4 Drivers/STM32F4xx_HAL_Driver/Src/stm32f4xx_hal_cortex.o
                0x08000980                HAL_SYSTICK_Callback
 .text.HAL_SYSTICK_IRQHandler
                0x08000984        0x8 Drivers/STM32F4xx_HAL_Driver/Src/stm32f4xx_hal_cortex.o
                0x08000984                HAL_SYSTICK_IRQHandler
 .text.HAL_DMA_Abort_IT
                0x0800098c       0x28 Drivers/STM32F4xx_HAL_Driver/Src/stm32f4xx_hal_dma.o
                0x0800098c                HAL_DMA_Abort_IT
 .text.HAL_GPIO_Init
                0x080009b4      0x1c0 Drivers/STM32F4xx_HAL_Driver/Src/stm32f4xx_hal_gpio.o
                0x080009b4                HAL_GPIO_Init
 .text.HAL_GPIO_ReadPin
                0x08000b74       0x10 Drivers/STM32F4xx_HAL_Driver/Src/stm32f4xx_hal_gpio.o
                0x08000b74                HAL_GPIO_ReadPin
 .text.HAL_GPIO_WritePin
                0x08000b84        0xc Drivers/STM32F4xx_HAL_Driver/Src/stm32f4xx_hal_gpio.o
                0x08000b84                HAL_GPIO_WritePin
 .text.HAL_GPIO_TogglePin
                0x08000b90        0x8 Drivers/STM32F4xx_HAL_Driver/Src/stm32f4xx_hal_gpio.o
                0x08000b90                HAL_GPIO_TogglePin
 .text.HAL_GPIO_EXTI_IRQHandler
                0x08000b98       0x18 Drivers/STM32F4xx_HAL_Driver/Src/stm32f4xx_hal_gpio.o
                0x08000b98                HAL_GPIO_EXTI_IRQHandler
 .text.PCD_WriteEmptyTxFifo
                0x08000bb0       0xb0 Drivers/STM32F4xx_HAL_Driver/Src/stm32f4xx_hal_pcd.o
 .text.HAL_PCD_Init
                0x08000c60       0xe4 Drivers/STM32F4xx_HAL_Driver/Src/stm32f4xx_hal_pcd.o
                0x08000c60                HAL_PCD_Init
 .text.HAL_PCD_Start
                0x08000d44       0x2c Drivers/STM32F4xx_HAL_Driver/Src/stm32f4xx_hal_pcd.o
                0x08000d44                HAL_PCD_Start
 .text.HAL_PCD_IRQHandler
                0x08000d70      0x57c Drivers/STM32F4xx_HAL_Driver/Src/stm32f4xx_hal_pcd.o
                0x08000d70                HAL_PCD_IRQHandler
 .text.HAL_PCD_SetAddress
                0x080012ec       0x24 Drivers/STM32F4xx_HAL_Driver/Src/stm32f4xx_hal_pcd.o
                0x080012ec                HAL_PCD_SetAddress
 .text.HAL_PCD_EP_Open
                0x08001310       0x68 Drivers/STM32F4xx_HAL_Driver/Src/stm32f4xx_hal_pcd.o
                0x08001310                HAL_PCD_EP_Open
 .text.HAL_PCD_EP_Close
                0x08001378       0x58 Drivers/STM32F4xx_HAL_Driver/Src/stm32f4xx_hal_pcd.o
                0x08001378                HAL_PCD_EP_Close
 .text.HAL_PCD_EP_Receive
                0x080013d0       0x58 Drivers/STM32F4xx_HAL_Driver/Src/stm32f4xx_hal_pcd.o
                0x080013d0                HAL_PCD_EP_Receive
 .text.HAL_PCD_EP_GetRxCount
                0x08001428       0x14 Drivers/STM32F4xx_HAL_Driver/Src/stm32f4xx_hal_pcd.o
                0x08001428                HAL_PCD_EP_GetRxCount
 .text.HAL_PCD_EP_Transmit
                0x0800143c       0x50 Drivers/STM32F4xx_HAL_Driver/Src/stm32f4xx_hal_pcd.o
                0x0800143c                HAL_PCD_EP_Transmit
 .text.HAL_PCD_EP_SetStall
                0x0800148c       0x64 Drivers/STM32F4xx_HAL_Driver/Src/stm32f4xx_hal_pcd.o
                0x0800148c                HAL_PCD_EP_SetStall
 .text.HAL_PCD_EP_ClrStall
                0x080014f0       0x58 Drivers/STM32F4xx_HAL_Driver/Src/stm32f4xx_hal_pcd.o
                0x080014f0                HAL_PCD_EP_ClrStall
 .text.HAL_PCDEx_SetTxFiFo
                0x08001548       0x48 Drivers/STM32F4xx_HAL_Driver/Src/stm32f4xx_hal_pcd_ex.o
                0x08001548                HAL_PCDEx_SetTxFiFo
 .text.HAL_PCDEx_SetRxFiFo
                0x08001590        0x8 Drivers/STM32F4xx_HAL_Driver/Src/stm32f4xx_hal_pcd_ex.o
                0x08001590                HAL_PCDEx_SetRxFiFo
 .text.HAL_RCC_OscConfig
                0x08001598      0x3c8 Drivers/STM32F4xx_HAL_Driver/Src/stm32f4xx_hal_rcc.o
                0x08001598                HAL_RCC_OscConfig
 .text.HAL_RCC_GetSysClockFreq
                0x08001960       0xa4 Drivers/STM32F4xx_HAL_Driver/Src/stm32f4xx_hal_rcc.o
                0x08001960                HAL_RCC_GetSysClockFreq
 .text.HAL_RCC_ClockConfig
                0x08001a04      0x1b0 Drivers/STM32F4xx_HAL_Driver/Src/stm32f4xx_hal_rcc.o
                0x08001a04                HAL_RCC_ClockConfig
 .text.HAL_RCC_GetHCLKFreq
                0x08001bb4        0xc Drivers/STM32F4xx_HAL_Driver/Src/stm32f4xx_hal_rcc.o
                0x08001bb4                HAL_RCC_GetHCLKFreq
 .text.HAL_RCC_GetPCLK1Freq
                0x08001bc0       0x30 Drivers/STM32F4xx_HAL_Driver/Src/stm32f4xx_hal_rcc.o
                0x08001bc0                HAL_RCC_GetPCLK1Freq
 .text.HAL_RCC_GetPCLK2Freq
                0x08001bf0       0x30 Drivers/STM32F4xx_HAL_Driver/Src/stm32f4xx_hal_rcc.o
                0x08001bf0                HAL_RCC_GetPCLK2Freq
 .text.TIM_OC1_SetConfig
                0x08001c20       0x68 Drivers/STM32F4xx_HAL_Driver/Src/stm32f4xx_hal_tim.o
 .text.TIM_OC3_SetConfig
                0x08001c88       0x6c Drivers/STM32F4xx_HAL_Driver/Src/stm32f4xx_hal_tim.o
 .text.TIM_OC4_SetConfig
                0x08001cf4       0x5c Drivers/STM32F4xx_HAL_Driver/Src/stm32f4xx_hal_tim.o
 .text.TIM_TI1_ConfigInputStage
                0x08001d50       0x28 Drivers/STM32F4xx_HAL_Driver/Src/stm32f4xx_hal_tim.o
 .text.TIM_TI2_ConfigInputStage
                0x08001d78       0x28 Drivers/STM32F4xx_HAL_Driver/Src/stm32f4xx_hal_tim.o
 .text.TIM_ITRx_SetConfig
                0x08001da0       0x10 Drivers/STM32F4xx_HAL_Driver/Src/stm32f4xx_hal_tim.o
 .text.TIM_ETR_SetConfig
                0x08001db0       0x1c Drivers/STM32F4xx_HAL_Driver/Src/stm32f4xx_hal_tim.o
 .text.HAL_TIM_PWM_MspInit
                0x08001dcc        0x4 Drivers/STM32F4xx_HAL_Driver/Src/stm32f4xx_hal_tim.o
                0x08001dcc                HAL_TIM_PWM_MspInit
 .text.HAL_TIM_ConfigClockSource
                0x08001dd0      0x114 Drivers/STM32F4xx_HAL_Driver/Src/stm32f4xx_hal_tim.o
                0x08001dd0                HAL_TIM_ConfigClockSource
 .text.TIM_Base_SetConfig
                0x08001ee4      0x11c Drivers/STM32F4xx_HAL_Driver/Src/stm32f4xx_hal_tim.o
                0x08001ee4                TIM_Base_SetConfig
 .text.HAL_TIM_Base_Init
                0x08002000       0x38 Drivers/STM32F4xx_HAL_Driver/Src/stm32f4xx_hal_tim.o
                0x08002000                HAL_TIM_Base_Init
 .text.HAL_TIM_PWM_Init
                0x08002038       0x38 Drivers/STM32F4xx_HAL_Driver/Src/stm32f4xx_hal_tim.o
                0x08002038                HAL_TIM_PWM_Init
 .text.TIM_OC2_SetConfig
                0x08002070       0x70 Drivers/STM32F4xx_HAL_Driver/Src/stm32f4xx_hal_tim.o
                0x08002070                TIM_OC2_SetConfig
 .text.HAL_TIM_PWM_ConfigChannel
                0x080020e0       0xdc Drivers/STM32F4xx_HAL_Driver/Src/stm32f4xx_hal_tim.o
                0x080020e0                HAL_TIM_PWM_ConfigChannel
 .text.TIM_CCxChannelCmd
                0x080021bc       0x20 Drivers/STM32F4xx_HAL_Driver/Src/stm32f4xx_hal_tim.o
                0x080021bc                TIM_CCxChannelCmd
 .text.HAL_TIM_PWM_Start
                0x080021dc       0x44 Drivers/STM32F4xx_HAL_Driver/Src/stm32f4xx_hal_tim.o
                0x080021dc                HAL_TIM_PWM_Start
 .text.HAL_TIMEx_MasterConfigSynchronization
                0x08002220       0x54 Drivers/STM32F4xx_HAL_Driver/Src/stm32f4xx_hal_tim_ex.o
                0x08002220                HAL_TIMEx_MasterConfigSynchronization
 .text.HAL_TIMEx_ConfigBreakDeadTime
                0x08002274       0x58 Drivers/STM32F4xx_HAL_Driver/Src/stm32f4xx_hal_tim_ex.o
                0x08002274                HAL_TIMEx_ConfigBreakDeadTime
 .text.UART_EndRxTransfer
                0x080022cc       0x1c Drivers/STM32F4xx_HAL_Driver/Src/stm32f4xx_hal_uart.o
 .text.UART_Transmit_IT
                0x080022e8       0x6c Drivers/STM32F4xx_HAL_Driver/Src/stm32f4xx_hal_uart.o
 .text.UART_SetConfig
                0x08002354      0x32c Drivers/STM32F4xx_HAL_Driver/Src/stm32f4xx_hal_uart.o
 .text.HAL_UART_Init
                0x08002680       0x64 Drivers/STM32F4xx_HAL_Driver/Src/stm32f4xx_hal_uart.o
                0x08002680                HAL_UART_Init
 .text.HAL_UART_TxCpltCallback
                0x080026e4        0x4 Drivers/STM32F4xx_HAL_Driver/Src/stm32f4xx_hal_uart.o
                0x080026e4                HAL_UART_TxCpltCallback
 .text.UART_EndTransmit_IT
                0x080026e8       0x1c Drivers/STM32F4xx_HAL_Driver/Src/stm32f4xx_hal_uart.o
 .text.HAL_UART_RxCpltCallback
                0x08002704        0x4 Drivers/STM32F4xx_HAL_Driver/Src/stm32f4xx_hal_uart.o
                0x08002704                HAL_UART_RxCpltCallback
 .text.UART_Receive_IT
                0x08002708       0x94 Drivers/STM32F4xx_HAL_Driver/Src/stm32f4xx_hal_uart.o
 .text.HAL_UART_ErrorCallback
                0x0800279c        0x4 Drivers/STM32F4xx_HAL_Driver/Src/stm32f4xx_hal_uart.o
                0x0800279c                HAL_UART_ErrorCallback
 .text.HAL_UART_IRQHandler
                0x080027a0      0x11c Drivers/STM32F4xx_HAL_Driver/Src/stm32f4xx_hal_uart.o
                0x080027a0                HAL_UART_IRQHandler
 .text.UART_DMAAbortOnError
                0x080028bc       0x10 Drivers/STM32F4xx_HAL_Driver/Src/stm32f4xx_hal_uart.o
 .text.USB_CoreInit
                0x080028cc       0x78 Drivers/STM32F4xx_HAL_Driver/Src/stm32f4xx_ll_usb.o
                0x080028cc                USB_CoreInit
 .text.USB_EnableGlobalInt
                0x08002944        0xc Drivers/STM32F4xx_HAL_Driver/Src/stm32f4xx_ll_usb.o
                0x08002944                USB_EnableGlobalInt
 .text.USB_DisableGlobalInt
                0x08002950        0xc Drivers/STM32F4xx_HAL_Driver/Src/stm32f4xx_ll_usb.o
                0x08002950                USB_DisableGlobalInt
 .text.USB_SetCurrentMode
                0x0800295c       0x2c Drivers/STM32F4xx_HAL_Driver/Src/stm32f4xx_ll_usb.o
                0x0800295c                USB_SetCurrentMode
 .text.USB_DevInit
                0x08002988      0x14c Drivers/STM32F4xx_HAL_Driver/Src/stm32f4xx_ll_usb.o
                0x08002988                USB_DevInit
 .text.USB_FlushTxFifo
                0x08002ad4       0x28 Drivers/STM32F4xx_HAL_Driver/Src/stm32f4xx_ll_usb.o
                0x08002ad4                USB_FlushTxFifo
 .text.USB_FlushRxFifo
                0x08002afc       0x24 Drivers/STM32F4xx_HAL_Driver/Src/stm32f4xx_ll_usb.o
                0x08002afc                USB_FlushRxFifo
 .text.USB_SetDevSpeed
                0x08002b20       0x10 Drivers/STM32F4xx_HAL_Driver/Src/stm32f4xx_ll_usb.o
                0x08002b20                USB_SetDevSpeed
 .text.USB_GetDevSpeed
                0x08002b30       0x40 Drivers/STM32F4xx_HAL_Driver/Src/stm32f4xx_ll_usb.o
                0x08002b30                USB_GetDevSpeed
 .text.USB_ActivateEndpoint
                0x08002b70       0x98 Drivers/STM32F4xx_HAL_Driver/Src/stm32f4xx_ll_usb.o
                0x08002b70                USB_ActivateEndpoint
 .text.USB_DeactivateEndpoint
                0x08002c08       0xf4 Drivers/STM32F4xx_HAL_Driver/Src/stm32f4xx_ll_usb.o
                0x08002c08                USB_DeactivateEndpoint
 .text.USB_EPStartXfer
                0x08002cfc      0x258 Drivers/STM32F4xx_HAL_Driver/Src/stm32f4xx_ll_usb.o
                0x08002cfc                USB_EPStartXfer
 .text.USB_EP0StartXfer
                0x08002f54      0x160 Drivers/STM32F4xx_HAL_Driver/Src/stm32f4xx_ll_usb.o
                0x08002f54                USB_EP0StartXfer
 .text.USB_WritePacket
                0x080030b4       0x2c Drivers/STM32F4xx_HAL_Driver/Src/stm32f4xx_ll_usb.o
                0x080030b4                USB_WritePacket
 .text.USB_ReadPacket
                0x080030e0       0x24 Drivers/STM32F4xx_HAL_Driver/Src/stm32f4xx_ll_usb.o
                0x080030e0                USB_ReadPacket
 .text.USB_EPSetStall
                0x08003104       0x64 Drivers/STM32F4xx_HAL_Driver/Src/stm32f4xx_ll_usb.o
                0x08003104                USB_EPSetStall
 .text.USB_EPClearStall
                0x08003168       0x68 Drivers/STM32F4xx_HAL_Driver/Src/stm32f4xx_ll_usb.o
                0x08003168                USB_EPClearStall
 .text.USB_SetDevAddress
                0x080031d0       0x20 Drivers/STM32F4xx_HAL_Driver/Src/stm32f4xx_ll_usb.o
                0x080031d0                USB_SetDevAddress
 .text.USB_DevConnect
                0x080031f0       0x18 Drivers/STM32F4xx_HAL_Driver/Src/stm32f4xx_ll_usb.o
                0x080031f0                USB_DevConnect
 .text.USB_DevDisconnect
                0x08003208       0x18 Drivers/STM32F4xx_HAL_Driver/Src/stm32f4xx_ll_usb.o
                0x08003208                USB_DevDisconnect
 .text.USB_ReadInterrupts
                0x08003220        0x8 Drivers/STM32F4xx_HAL_Driver/Src/stm32f4xx_ll_usb.o
                0x08003220                USB_ReadInterrupts
 .text.USB_ReadDevAllOutEpInterrupt
                0x08003228       0x10 Drivers/STM32F4xx_HAL_Driver/Src/stm32f4xx_ll_usb.o
                0x08003228                USB_ReadDevAllOutEpInterrupt
 .text.USB_ReadDevAllInEpInterrupt
                0x08003238       0x10 Drivers/STM32F4xx_HAL_Driver/Src/stm32f4xx_ll_usb.o
                0x08003238                USB_ReadDevAllInEpInterrupt
 .text.USB_ReadDevOutEPInterrupt
                0x08003248       0x14 Drivers/STM32F4xx_HAL_Driver/Src/stm32f4xx_ll_usb.o
                0x08003248                USB_ReadDevOutEPInterrupt
 .text.USB_ReadDevInEPInterrupt
                0x0800325c       0x24 Drivers/STM32F4xx_HAL_Driver/Src/stm32f4xx_ll_usb.o
                0x0800325c                USB_ReadDevInEPInterrupt
 .text.USB_GetMode
                0x08003280        0x8 Drivers/STM32F4xx_HAL_Driver/Src/stm32f4xx_ll_usb.o
                0x08003280                USB_GetMode
 .text.USB_ActivateSetup
                0x08003288       0x38 Drivers/STM32F4xx_HAL_Driver/Src/stm32f4xx_ll_usb.o
                0x08003288                USB_ActivateSetup
 .text.USB_EP0_OutStart
                0x080032c0       0x44 Drivers/STM32F4xx_HAL_Driver/Src/stm32f4xx_ll_usb.o
                0x080032c0                USB_EP0_OutStart
 .text.USB_CoreReset
                0x08003304       0x3c Drivers/STM32F4xx_HAL_Driver/Src/stm32f4xx_ll_usb.o
 .text.USBD_CDC_DataIn
                0x08003340       0x14 Middlewares/ST/STM32_USB_Device_Library/Class/CDC/Src/usbd_cdc.o
 .text.USBD_CDC_EP0_RxReady
                0x08003354       0x28 Middlewares/ST/STM32_USB_Device_Library/Class/CDC/Src/usbd_cdc.o
 .text.USBD_CDC_GetFSCfgDesc
                0x0800337c        0xc Middlewares/ST/STM32_USB_Device_Library/Class/CDC/Src/usbd_cdc.o
 .text.USBD_CDC_GetHSCfgDesc
                0x08003388        0xc Middlewares/ST/STM32_USB_Device_Library/Class/CDC/Src/usbd_cdc.o
 .text.USBD_CDC_GetOtherSpeedCfgDesc
                0x08003394        0xc Middlewares/ST/STM32_USB_Device_Library/Class/CDC/Src/usbd_cdc.o
 .text.USBD_CDC_GetDeviceQualifierDescriptor
                0x080033a0        0xc Middlewares/ST/STM32_USB_Device_Library/Class/CDC/Src/usbd_cdc.o
                0x080033a0                USBD_CDC_GetDeviceQualifierDescriptor
 .text.USBD_CDC_DataOut
                0x080033ac       0x30 Middlewares/ST/STM32_USB_Device_Library/Class/CDC/Src/usbd_cdc.o
 .text.USBD_CDC_Setup
                0x080033dc       0x74 Middlewares/ST/STM32_USB_Device_Library/Class/CDC/Src/usbd_cdc.o
 .text.USBD_CDC_DeInit
                0x08003450       0x3c Middlewares/ST/STM32_USB_Device_Library/Class/CDC/Src/usbd_cdc.o
 .text.USBD_CDC_Init
                0x0800348c       0x90 Middlewares/ST/STM32_USB_Device_Library/Class/CDC/Src/usbd_cdc.o
 .text.USBD_CDC_RegisterInterface
                0x0800351c       0x10 Middlewares/ST/STM32_USB_Device_Library/Class/CDC/Src/usbd_cdc.o
                0x0800351c                USBD_CDC_RegisterInterface
 .text.USBD_CDC_SetTxBuffer
                0x0800352c       0x10 Middlewares/ST/STM32_USB_Device_Library/Class/CDC/Src/usbd_cdc.o
                0x0800352c                USBD_CDC_SetTxBuffer
 .text.USBD_CDC_SetRxBuffer
                0x0800353c        0xc Middlewares/ST/STM32_USB_Device_Library/Class/CDC/Src/usbd_cdc.o
                0x0800353c                USBD_CDC_SetRxBuffer
 .text.USBD_CDC_TransmitPacket
                0x08003548       0x30 Middlewares/ST/STM32_USB_Device_Library/Class/CDC/Src/usbd_cdc.o
                0x08003548                USBD_CDC_TransmitPacket
 .text.USBD_CDC_ReceivePacket
                0x08003578       0x34 Middlewares/ST/STM32_USB_Device_Library/Class/CDC/Src/usbd_cdc.o
                0x08003578                USBD_CDC_ReceivePacket
 .text.USBD_Init
                0x080035ac       0x30 Middlewares/ST/STM32_USB_Device_Library/Core/Src/usbd_core.o
                0x080035ac                USBD_Init
 .text.USBD_RegisterClass
                0x080035dc       0x10 Middlewares/ST/STM32_USB_Device_Library/Core/Src/usbd_core.o
                0x080035dc                USBD_RegisterClass
 .text.USBD_Start
                0x080035ec        0xc Middlewares/ST/STM32_USB_Device_Library/Core/Src/usbd_core.o
                0x080035ec                USBD_Start
 .text.USBD_SetClassConfig
                0x080035f8       0x1c Middlewares/ST/STM32_USB_Device_Library/Core/Src/usbd_core.o
                0x080035f8                USBD_SetClassConfig
 .text.USBD_ClrClassConfig
                0x08003614       0x10 Middlewares/ST/STM32_USB_Device_Library/Core/Src/usbd_core.o
                0x08003614                USBD_ClrClassConfig
 .text.USBD_LL_SetupStage
                0x08003624       0x5c Middlewares/ST/STM32_USB_Device_Library/Core/Src/usbd_core.o
                0x08003624                USBD_LL_SetupStage
 .text.USBD_LL_DataOutStage
                0x08003680       0x68 Middlewares/ST/STM32_USB_Device_Library/Core/Src/usbd_core.o
                0x08003680                USBD_LL_DataOutStage
 .text.USBD_LL_DataInStage
                0x080036e8       0xac Middlewares/ST/STM32_USB_Device_Library/Core/Src/usbd_core.o
                0x080036e8                USBD_LL_DataInStage
 .text.USBD_LL_Reset
                0x08003794       0x40 Middlewares/ST/STM32_USB_Device_Library/Core/Src/usbd_core.o
                0x08003794                USBD_LL_Reset
 .text.USBD_LL_SetSpeed
                0x080037d4        0x8 Middlewares/ST/STM32_USB_Device_Library/Core/Src/usbd_core.o
                0x080037d4                USBD_LL_SetSpeed
 .text.USBD_LL_Suspend
                0x080037dc       0x14 Middlewares/ST/STM32_USB_Device_Library/Core/Src/usbd_core.o
                0x080037dc                USBD_LL_Suspend
 .text.USBD_LL_Resume
                0x080037f0        0xc Middlewares/ST/STM32_USB_Device_Library/Core/Src/usbd_core.o
                0x080037f0                USBD_LL_Resume
 .text.USBD_LL_SOF
                0x080037fc       0x18 Middlewares/ST/STM32_USB_Device_Library/Core/Src/usbd_core.o
                0x080037fc                USBD_LL_SOF
 .text.USBD_LL_IsoINIncomplete
                0x08003814        0x4 Middlewares/ST/STM32_USB_Device_Library/Core/Src/usbd_core.o
                0x08003814                USBD_LL_IsoINIncomplete
 .text.USBD_LL_IsoOUTIncomplete
                0x08003818        0x4 Middlewares/ST/STM32_USB_Device_Library/Core/Src/usbd_core.o
                0x08003818                USBD_LL_IsoOUTIncomplete
 .text.USBD_LL_DevConnected
                0x0800381c        0x4 Middlewares/ST/STM32_USB_Device_Library/Core/Src/usbd_core.o
                0x0800381c                USBD_LL_DevConnected
 .text.USBD_LL_DevDisconnected
                0x08003820       0x18 Middlewares/ST/STM32_USB_Device_Library/Core/Src/usbd_core.o
                0x08003820                USBD_LL_DevDisconnected
 .text.USBD_GetLen
                0x08003838       0x14 Middlewares/ST/STM32_USB_Device_Library/Core/Src/usbd_ctlreq.o
 .text.USBD_SetFeature
                0x0800384c       0x20 Middlewares/ST/STM32_USB_Device_Library/Core/Src/usbd_ctlreq.o
 .text.USBD_ParseSetupRequest
                0x0800386c       0x28 Middlewares/ST/STM32_USB_Device_Library/Core/Src/usbd_ctlreq.o
                0x0800386c                USBD_ParseSetupRequest
 .text.USBD_CtlError
                0x08003894       0x14 Middlewares/ST/STM32_USB_Device_Library/Core/Src/usbd_ctlreq.o
                0x08003894                USBD_CtlError
 .text.USBD_GetDescriptor
                0x080038a8      0x130 Middlewares/ST/STM32_USB_Device_Library/Core/Src/usbd_ctlreq.o
 .text.USBD_SetAddress
                0x080039d8       0x4c Middlewares/ST/STM32_USB_Device_Library/Core/Src/usbd_ctlreq.o
 .text.USBD_SetConfig
                0x08003a24       0xa8 Middlewares/ST/STM32_USB_Device_Library/Core/Src/usbd_ctlreq.o
 .text.USBD_GetConfig
                0x08003acc       0x3c Middlewares/ST/STM32_USB_Device_Library/Core/Src/usbd_ctlreq.o
 .text.USBD_GetStatus
                0x08003b08       0x2c Middlewares/ST/STM32_USB_Device_Library/Core/Src/usbd_ctlreq.o
 .text.USBD_ClrFeature
                0x08003b34       0x30 Middlewares/ST/STM32_USB_Device_Library/Core/Src/usbd_ctlreq.o
 .text.USBD_StdDevReq
                0x08003b64       0x48 Middlewares/ST/STM32_USB_Device_Library/Core/Src/usbd_ctlreq.o
                0x08003b64                USBD_StdDevReq
 .text.USBD_StdItfReq
                0x08003bac       0x38 Middlewares/ST/STM32_USB_Device_Library/Core/Src/usbd_ctlreq.o
                0x08003bac                USBD_StdItfReq
 .text.USBD_StdEPReq
                0x08003be4      0x11c Middlewares/ST/STM32_USB_Device_Library/Core/Src/usbd_ctlreq.o
                0x08003be4                USBD_StdEPReq
 .text.USBD_GetString
                0x08003d00       0x3c Middlewares/ST/STM32_USB_Device_Library/Core/Src/usbd_ctlreq.o
                0x08003d00                USBD_GetString
 .text.USBD_CtlSendData
                0x08003d3c       0x1c Middlewares/ST/STM32_USB_Device_Library/Core/Src/usbd_ioreq.o
                0x08003d3c                USBD_CtlSendData
 .text.USBD_CtlContinueSendData
                0x08003d58       0x10 Middlewares/ST/STM32_USB_Device_Library/Core/Src/usbd_ioreq.o
                0x08003d58                USBD_CtlContinueSendData
 .text.USBD_CtlPrepareRx
                0x08003d68       0x20 Middlewares/ST/STM32_USB_Device_Library/Core/Src/usbd_ioreq.o
                0x08003d68                USBD_CtlPrepareRx
 .text.USBD_CtlContinueRx
                0x08003d88       0x10 Middlewares/ST/STM32_USB_Device_Library/Core/Src/usbd_ioreq.o
                0x08003d88                USBD_CtlContinueRx
 .text.USBD_CtlSendStatus
                0x08003d98       0x18 Middlewares/ST/STM32_USB_Device_Library/Core/Src/usbd_ioreq.o
                0x08003d98                USBD_CtlSendStatus
 .text.USBD_CtlReceiveStatus
                0x08003db0       0x18 Middlewares/ST/STM32_USB_Device_Library/Core/Src/usbd_ioreq.o
                0x08003db0                USBD_CtlReceiveStatus
 .text._ZNSt14numeric_limitsItE3maxEv
                0x08003dc8       0x14 Src/comm_ascii.o
                0x08003dc8                std::numeric_limits<unsigned short>::max()
 .text._Z18OnUSBReceive_ASCIIPhPm
                0x08003ddc      0x4f0 Src/comm_ascii.o
                0x08003ddc                OnUSBReceive_ASCII(unsigned char*, unsigned long*)
 .text._Z16OnMainLoop_ASCIIv
                0x080042cc      0x174 Src/comm_ascii.o
                0x080042cc                OnMainLoop_ASCII()
 .text._ZSt5atan2ff
                0x08004440       0x28 Src/command_handler.o
                0x08004440                std::atan2(float, float)
 .text._ZSt3cosf
                0x08004468       0x20 Src/command_handler.o
                0x08004468                std::cos(float)
 .text._ZSt6lroundf
                0x08004488       0x1c Src/command_handler.o
                0x08004488                std::lround(float)
 .text._ZN14CommandHandler13HandleCommandERKNS_13MotionCommandE
                0x080044a4      0x1cc Src/command_handler.o
                0x080044a4                CommandHandler::HandleCommand(CommandHandler::MotionCommand const&)
 .text._ZN14CommandHandler31OnHallSensorTransitionInterruptEv
                0x08004670       0x3c Src/command_handler.o
                0x08004670                CommandHandler::OnHallSensorTransitionInterrupt()
 .text._ZN14CommandHandler15OnProcessorTickEv
                0x080046ac       0x3c Src/command_handler.o
                0x080046ac                CommandHandler::OnProcessorTick()
 .text._ZnwjPv  0x080046e8       0x18 Src/events.o
                0x080046e8                operator new(unsigned int, void*)
 .text._ZN18MotorVelocityStateC2Ev
                0x08004700       0x40 Src/events.o
                0x08004700                MotorVelocityState::MotorVelocityState()
                0x08004700                MotorVelocityState::MotorVelocityState()
 .text._ZN18MotorPidControllerC2Ev
                0x08004740       0x28 Src/events.o
                0x08004740                MotorPidController::MotorPidController()
                0x08004740                MotorPidController::MotorPidController()
 .text._ZN5MotorC2EbP12GPIO_TypeDeftS1_tS1_tS1_tS1_tm
                0x08004768       0xc8 Src/events.o
                0x08004768                Motor::Motor(bool, GPIO_TypeDef*, unsigned short, GPIO_TypeDef*, unsigned short, GPIO_TypeDef*, unsigned short, GPIO_TypeDef*, unsigned short, GPIO_TypeDef*, unsigned short, unsigned long)
                0x08004768                Motor::Motor(bool, GPIO_TypeDef*, unsigned short, GPIO_TypeDef*, unsigned short, GPIO_TypeDef*, unsigned short, GPIO_TypeDef*, unsigned short, GPIO_TypeDef*, unsigned short, unsigned long)
 .text._ZN13SteeringServoC2Eh
                0x08004830       0x20 Src/events.o
                0x08004830                SteeringServo::SteeringServo(unsigned char)
                0x08004830                SteeringServo::SteeringServo(unsigned char)
 .text._ZN14CommandHandlerC2ERK27CommandHandlerConfiguration
                0x08004850      0x10c Src/events.o
                0x08004850                CommandHandler::CommandHandler(CommandHandlerConfiguration const&)
                0x08004850                CommandHandler::CommandHandler(CommandHandlerConfiguration const&)
 .text.OnInitialization
                0x0800495c       0x3c Src/events.o
                0x0800495c                OnInitialization
 .text.OnHallSensorTransitionInterrupt
                0x08004998       0x20 Src/events.o
                0x08004998                OnHallSensorTransitionInterrupt
 .text.OnProcessorTick
                0x080049b8       0x54 Src/events.o
                0x080049b8                OnProcessorTick
 .text.OnStartup
                0x08004a0c      0x278 Src/events.o
                0x08004a0c                OnStartup
 .text.OnMainLoop
                0x08004c84        0xc Src/events.o
                0x08004c84                OnMainLoop
 .text.OnUSBReceive
                0x08004c90       0x1c Src/events.o
                0x08004c90                OnUSBReceive
 .text.MX_GPIO_Init
                0x08004cac      0x24c Src/main.o
 .text.HAL_GPIO_EXTI_Callback
                0x08004ef8        0x8 Src/main.o
                0x08004ef8                HAL_GPIO_EXTI_Callback
 .text.Error_Handler
                0x08004f00        0x4 Src/main.o
                0x08004f00                Error_Handler
 .text.MX_TIM1_Init
                0x08004f04       0xd0 Src/main.o
 .text.MX_UART5_Init
                0x08004fd4       0x34 Src/main.o
 .text.SystemClock_Config
                0x08005008       0xbc Src/main.o
                0x08005008                SystemClock_Config
 .text.main     0x080050c4       0xd0 Src/main.o
                0x080050c4                main
 .text._ZNSt14numeric_limitsIjE3maxEv
                0x08005194       0x14 Src/motor.o
                0x08005194                std::numeric_limits<unsigned int>::max()
 .text._ZSt3absl
                0x080051a8       0x1c Src/motor.o
                0x080051a8                std::abs(long)
 .text._ZN18MotorVelocityState26RecordHallSensorTransitionENS_25HallSensorTransitionEventE
                0x080051c4       0x68 Src/motor.o
                0x080051c4                MotorVelocityState::RecordHallSensorTransition(MotorVelocityState::HallSensorTransitionEvent)
 .text._ZN18MotorVelocityState29UpdateVelocityOnProcessorTickEv
                0x0800522c      0x12c Src/motor.o
                0x0800522c                MotorVelocityState::UpdateVelocityOnProcessorTick()
 .text._ZN18MotorPidController11SetSetpointEl
                0x08005358       0x1c Src/motor.o
                0x08005358                MotorPidController::SetSetpoint(long)
 .text._ZN18MotorPidController17ComputeNextOutputEl
                0x08005374      0x114 Src/motor.o
                0x08005374                MotorPidController::ComputeNextOutput(long)
 .text._ZN5Motor11SetVelocityEl
                0x08005488       0x5c Src/motor.o
                0x08005488                Motor::SetVelocity(long)
 .text._ZN5Motor31OnHallSensorTransitionInterruptEv
                0x080054e4       0xcc Src/motor.o
                0x080054e4                Motor::OnHallSensorTransitionInterrupt()
 .text._ZN5Motor15OnProcessorTickEv
                0x080055b0      0x168 Src/motor.o
                0x080055b0                Motor::OnProcessorTick()
 .text._ZN5Motor15ReportSoftErrorEv
                0x08005718       0x44 Src/motor.o
                0x08005718                Motor::ReportSoftError()
 .text._ZN5Motor16AbortOnHardErrorEv
                0x0800575c       0x68 Src/motor.o
                0x0800575c                Motor::AbortOnHardError()
 .text._ZSt7forwardIiEOT_RNSt16remove_referenceIS0_E4typeE
                0x080057c4       0x18 Src/motor.o
                0x080057c4                int&& std::forward<int>(std::remove_reference<int>::type&)
 .text._ZNSt10_Head_baseILj1EiLb0EEC2IiEEOT_
                0x080057dc       0x24 Src/motor.o
                0x080057dc                std::_Head_base<1u, int, false>::_Head_base<int>(int&&)
 .text._ZNSt11_Tuple_implILj1EJiEEC2IiEEOT_
                0x08005800       0x28 Src/motor.o
                0x08005800                std::_Tuple_impl<1u, int>::_Tuple_impl<int>(int&&)
                0x08005800                std::_Tuple_impl<1u, int>::_Tuple_impl<int>(int&&)
 .text._ZNSt10_Head_baseILj0EiLb0EEC2IiEEOT_
                0x08005828       0x24 Src/motor.o
                0x08005828                std::_Head_base<0u, int, false>::_Head_base<int>(int&&)
 .text._ZNSt11_Tuple_implILj0EJiiEEC2IiJiEvEEOT_DpOT0_
                0x0800584c       0x3c Src/motor.o
                0x0800584c                std::_Tuple_impl<0u, int, int>::_Tuple_impl<int, int, void>(int&&, int&&)
                0x0800584c                std::_Tuple_impl<0u, int, int>::_Tuple_impl<int, int, void>(int&&, int&&)
 .text._ZNSt5tupleIJiiEEC1IiivEEOT_OT0_
                0x08005888       0x34 Src/motor.o
                0x08005888                std::tuple<int, int>::tuple<int, int, void>(int&&, int&&)
                0x08005888                std::tuple<int, int>::tuple<int, int, void>(int&&, int&&)
 .text._ZNSt10_Head_baseILj1EiLb0EE7_M_headERS0_
                0x080058bc       0x18 Src/motor.o
                0x080058bc                std::_Head_base<1u, int, false>::_M_head(std::_Head_base<1u, int, false>&)
 .text._ZNSt11_Tuple_implILj1EJiEE7_M_headERS0_
                0x080058d4       0x1c Src/motor.o
                0x080058d4                std::_Tuple_impl<1u, int>::_M_head(std::_Tuple_impl<1u, int>&)
                0x080058d4                std::_Tuple_impl<1u, int>::_M_head(std::_Tuple_impl<1u, int>&)
 .text._ZNSt11_Tuple_implILj0EJiiEE7_M_tailERS0_
                0x080058f0       0x18 Src/motor.o
                0x080058f0                std::_Tuple_impl<0u, int, int>::_M_tail(std::_Tuple_impl<0u, int, int>&)
                0x080058f0                std::_Tuple_impl<0u, int, int>::_M_tail(std::_Tuple_impl<0u, int, int>&)
 .text._ZSt4moveIRSt11_Tuple_implILj1EJiEEEONSt16remove_referenceIT_E4typeEOS4_
                0x08005908       0x18 Src/motor.o
                0x08005908                std::remove_reference<std::_Tuple_impl<1u, int>&>::type&& std::move<std::_Tuple_impl<1u, int>&>(std::_Tuple_impl<1u, int>&)
                0x08005908                std::remove_reference<std::_Tuple_impl<1u, int>&>::type&& std::move<std::_Tuple_impl<1u, int>&>(std::_Tuple_impl<1u, int>&)
 .text._ZNSt10_Head_baseILj0EiLb0EE7_M_headERS0_
                0x08005920       0x18 Src/motor.o
                0x08005920                std::_Head_base<0u, int, false>::_M_head(std::_Head_base<0u, int, false>&)
 .text._ZNSt11_Tuple_implILj0EJiiEE7_M_headERS0_
                0x08005938       0x1c Src/motor.o
                0x08005938                std::_Tuple_impl<0u, int, int>::_M_head(std::_Tuple_impl<0u, int, int>&)
                0x08005938                std::_Tuple_impl<0u, int, int>::_M_head(std::_Tuple_impl<0u, int, int>&)
 .text._ZSt10make_tupleIJiiEESt5tupleIJDpNSt17__decay_and_stripIT_E6__typeEEEDpOS2_
                0x08005954       0x30 Src/motor.o
                0x08005954                std::tuple<std::__decay_and_strip<int>::__type, std::__decay_and_strip<int>::__type> std::make_tuple<int, int>(int&&, int&&)
                0x08005954                std::tuple<std::__decay_and_strip<int>::__type, std::__decay_and_strip<int>::__type> std::make_tuple<int, int>(int&&, int&&)
 .text._ZN5Motor14NextHallStatesEv
                0x08005984       0xf0 Src/motor.o
                0x08005984                Motor::NextHallStates()
 .text._ZN5Motor15ReadHallSensorsEv
                0x08005a74       0x50 Src/motor.o
                0x08005a74                Motor::ReadHallSensors()
 .text._ZN5Motor8SetBrakeEb
                0x08005ac4       0x8c Src/motor.o
                0x08005ac4                Motor::SetBrake(bool)
 .text._ZN5Motor12SetDirectionEb
                0x08005b50       0x30 Src/motor.o
                0x08005b50                Motor::SetDirection(bool)
 .text._ZN5Motor11SetThrottleEl
                0x08005b80       0x78 Src/motor.o
                0x08005b80                Motor::SetThrottle(long)
 .text._ZNSt10_Head_baseILj1ERiLb0EEC2ES0_
                0x08005bf8       0x20 Src/motor.o
                0x08005bf8                std::_Head_base<1u, int&, false>::_Head_base(int&)
                0x08005bf8                std::_Head_base<1u, int&, false>::_Head_base(int&)
 .text._ZNSt11_Tuple_implILj1EJRiEEC2ES0_
                0x08005c18       0x20 Src/motor.o
                0x08005c18                std::_Tuple_impl<1u, int&>::_Tuple_impl(int&)
                0x08005c18                std::_Tuple_impl<1u, int&>::_Tuple_impl(int&)
                0x08005c18                std::_Tuple_impl<1u, int&>::_Tuple_impl(int&)
                0x08005c18                std::_Tuple_impl<1u, int&>::_Tuple_impl(int&)
 .text._ZNSt10_Head_baseILj0ERiLb0EEC2ES0_
                0x08005c38       0x20 Src/motor.o
                0x08005c38                std::_Head_base<0u, int&, false>::_Head_base(int&)
                0x08005c38                std::_Head_base<0u, int&, false>::_Head_base(int&)
 .text._ZNSt11_Tuple_implILj0EJRiS0_EEC2ES0_S0_
                0x08005c58       0x2c Src/motor.o
                0x08005c58                std::_Tuple_impl<0u, int&, int&>::_Tuple_impl(int&, int&)
                0x08005c58                std::_Tuple_impl<0u, int&, int&>::_Tuple_impl(int&, int&)
                0x08005c58                std::_Tuple_impl<0u, int&, int&>::_Tuple_impl(int&, int&)
                0x08005c58                std::_Tuple_impl<0u, int&, int&>::_Tuple_impl(int&, int&)
 .text._ZNSt5tupleIJRiS0_EEC2ES0_S0_
                0x08005c84       0x24 Src/motor.o
                0x08005c84                std::tuple<int&, int&>::tuple(int&, int&)
                0x08005c84                std::tuple<int&, int&>::tuple(int&, int&)
                0x08005c84                std::tuple<int&, int&>::tuple(int&, int&)
                0x08005c84                std::tuple<int&, int&>::tuple(int&, int&)
 .text._ZNSt10_Head_baseILj1ERiLb0EE7_M_headERS1_
                0x08005ca8       0x18 Src/motor.o
                0x08005ca8                std::_Head_base<1u, int&, false>::_M_head(std::_Head_base<1u, int&, false>&)
 .text._ZNSt11_Tuple_implILj1EJRiEE7_M_headERS1_
                0x08005cc0       0x1c Src/motor.o
                0x08005cc0                std::_Tuple_impl<1u, int&>::_M_head(std::_Tuple_impl<1u, int&>&)
                0x08005cc0                std::_Tuple_impl<1u, int&>::_M_head(std::_Tuple_impl<1u, int&>&)
 .text._ZNSt11_Tuple_implILj0EJRiS0_EE7_M_tailERS1_
                0x08005cdc       0x18 Src/motor.o
                0x08005cdc                std::_Tuple_impl<0u, int&, int&>::_M_tail(std::_Tuple_impl<0u, int&, int&>&)
                0x08005cdc                std::_Tuple_impl<0u, int&, int&>::_M_tail(std::_Tuple_impl<0u, int&, int&>&)
 .text._ZNSt10_Head_baseILj0ERiLb0EE7_M_headERS1_
                0x08005cf4       0x18 Src/motor.o
                0x08005cf4                std::_Head_base<0u, int&, false>::_M_head(std::_Head_base<0u, int&, false>&)
 .text._ZNSt11_Tuple_implILj0EJRiS0_EE7_M_headERS1_
                0x08005d0c       0x1c Src/motor.o
                0x08005d0c                std::_Tuple_impl<0u, int&, int&>::_M_head(std::_Tuple_impl<0u, int&, int&>&)
                0x08005d0c                std::_Tuple_impl<0u, int&, int&>::_M_head(std::_Tuple_impl<0u, int&, int&>&)
 .text._ZSt3tieIJiiEESt5tupleIJDpRT_EES3_
                0x08005d28       0x20 Src/motor.o
                0x08005d28                std::tuple<int&, int&> std::tie<int, int>(int&, int&)
                0x08005d28                std::tuple<int&, int&> std::tie<int, int>(int&, int&)
 .text._ZSt4moveIRSt5tupleIJiiEEEONSt16remove_referenceIT_E4typeEOS4_
                0x08005d48       0x18 Src/motor.o
                0x08005d48                std::remove_reference<std::tuple<int, int>&>::type&& std::move<std::tuple<int, int>&>(std::tuple<int, int>&)
                0x08005d48                std::remove_reference<std::tuple<int, int>&>::type&& std::move<std::tuple<int, int>&>(std::tuple<int, int>&)
 .text._ZNSt5tupleIJRiS0_EEaSIiiEERS1_OS_IJT_T0_EE
                0x08005d60       0x28 Src/motor.o
                0x08005d60                std::tuple<int&, int&>& std::tuple<int&, int&>::operator=<int, int>(std::tuple<int, int>&&)
                0x08005d60                std::tuple<int&, int&>& std::tuple<int&, int&>::operator=<int, int>(std::tuple<int, int>&&)
 .text._ZNSt11_Tuple_implILj0EJRiS0_EEaSIiJiEEERS1_OS_ILj0EJT_DpT0_EE
                0x08005d88       0x50 Src/motor.o
                0x08005d88                std::_Tuple_impl<0u, int&, int&>& std::_Tuple_impl<0u, int&, int&>::operator=<int, int>(std::_Tuple_impl<0u, int, int>&&)
                0x08005d88                std::_Tuple_impl<0u, int&, int&>& std::_Tuple_impl<0u, int&, int&>::operator=<int, int>(std::_Tuple_impl<0u, int, int>&&)
 .text._ZNSt11_Tuple_implILj1EJRiEEaSIiEERS1_OS_ILj1EJT_EE
                0x08005dd8       0x30 Src/motor.o
                0x08005dd8                std::_Tuple_impl<1u, int&>& std::_Tuple_impl<1u, int&>::operator=<int>(std::_Tuple_impl<1u, int>&&)
                0x08005dd8                std::_Tuple_impl<1u, int&>& std::_Tuple_impl<1u, int&>::operator=<int>(std::_Tuple_impl<1u, int>&&)
 .text._ZN15DynamixelPacket21DynamixelPacketHeaderC2Ehjh
                0x08005e08       0x5c Src/servo.o
                0x08005e08                DynamixelPacket::DynamixelPacketHeader::DynamixelPacketHeader(unsigned char, unsigned int, unsigned char)
                0x08005e08                DynamixelPacket::DynamixelPacketHeader::DynamixelPacketHeader(unsigned char, unsigned int, unsigned char)
 .text._ZN15DynamixelPacket11CreateWriteEhbNS_7AddressEm
                0x08005e64       0xd0 Src/servo.o
                0x08005e64                DynamixelPacket::CreateWrite(unsigned char, bool, DynamixelPacket::Address, unsigned long)
 .text._ZN15DynamixelPacket12CreateActionEh
                0x08005f34       0x24 Src/servo.o
                0x08005f34                DynamixelPacket::CreateAction(unsigned char)
 .text._ZN15DynamixelPacket11SendToServoEv
                0x08005f58       0x18 Src/servo.o
                0x08005f58                DynamixelPacket::SendToServo()
 .text._ZN15DynamixelPacketC2EhhPKhj
                0x08005f70      0x164 Src/servo.o
                0x08005f70                DynamixelPacket::DynamixelPacket(unsigned char, unsigned char, unsigned char const*, unsigned int)
                0x08005f70                DynamixelPacket::DynamixelPacket(unsigned char, unsigned char, unsigned char const*, unsigned int)
 .text._ZN15DynamixelPacket9UpdateCRCEtPKhj
                0x080060d4       0x9c Src/servo.o
                0x080060d4                DynamixelPacket::UpdateCRC(unsigned short, unsigned char const*, unsigned int)
 .text._ZN15DynamixelPacket15BytesForAddressENS_7AddressE
                0x08006170       0x6c Src/servo.o
                0x08006170                DynamixelPacket::BytesForAddress(DynamixelPacket::Address)
 .text._ZN13SteeringServo16RegisterSetAngleEf
                0x080061dc       0xa8 Src/servo.o
                0x080061dc                SteeringServo::RegisterSetAngle(float)
 .text._ZN13SteeringServo15CommitSetAnglesEv
                0x08006284       0x20 Src/servo.o
                0x08006284                SteeringServo::CommitSetAngles()
 .text.HAL_MspInit
                0x080062a4       0x60 Src/stm32f4xx_hal_msp.o
                0x080062a4                HAL_MspInit
 .text.HAL_TIM_Base_MspInit
                0x08006304       0x30 Src/stm32f4xx_hal_msp.o
                0x08006304                HAL_TIM_Base_MspInit
 .text.HAL_TIM_MspPostInit
                0x08006334       0x38 Src/stm32f4xx_hal_msp.o
                0x08006334                HAL_TIM_MspPostInit
 .text.HAL_UART_MspInit
                0x0800636c       0x88 Src/stm32f4xx_hal_msp.o
                0x0800636c                HAL_UART_MspInit
 .text.SVC_Handler
                0x080063f4        0x4 Src/stm32f4xx_it.o
                0x080063f4                SVC_Handler
 .text.PendSV_Handler
                0x080063f8        0x4 Src/stm32f4xx_it.o
                0x080063f8                PendSV_Handler
 .text.SysTick_Handler
                0x080063fc       0x10 Src/stm32f4xx_it.o
                0x080063fc                SysTick_Handler
 .text.EXTI1_IRQHandler
                0x0800640c        0xc Src/stm32f4xx_it.o
                0x0800640c                EXTI1_IRQHandler
 .text.EXTI2_IRQHandler
                0x08006418        0xc Src/stm32f4xx_it.o
                0x08006418                EXTI2_IRQHandler
 .text.EXTI9_5_IRQHandler
                0x08006424       0x28 Src/stm32f4xx_it.o
                0x08006424                EXTI9_5_IRQHandler
 .text.UART5_IRQHandler
                0x0800644c       0x10 Src/stm32f4xx_it.o
                0x0800644c                UART5_IRQHandler
 .text.OTG_FS_IRQHandler
                0x0800645c       0x10 Src/stm32f4xx_it.o
                0x0800645c                OTG_FS_IRQHandler
 .text._exit    0x0800646c        0x4 Src/stubs.o
                0x0800646c                _exit
 .text._kill    0x08006470       0x10 Src/stubs.o
                0x08006470                _kill
 .text._getpid  0x08006480        0x4 Src/stubs.o
                0x08006480                _getpid
 .text._sbrk    0x08006484       0x10 Src/stubs.o
                0x08006484                _sbrk
 .text._write   0x08006494       0x10 Src/stubs.o
                0x08006494                _write
 .text._close   0x080064a4        0x8 Src/stubs.o
                0x080064a4                _close
 .text._fstat   0x080064ac        0xc Src/stubs.o
                0x080064ac                _fstat
 .text._isatty  0x080064b8       0x10 Src/stubs.o
                0x080064b8                _isatty
 .text._lseek   0x080064c8        0x4 Src/stubs.o
                0x080064c8                _lseek
 .text._read    0x080064cc       0x10 Src/stubs.o
                0x080064cc                _read
 .text.SystemInit
                0x080064dc       0x4c Src/system_stm32f4xx.o
                0x080064dc                SystemInit
 .text.MX_USB_DEVICE_Init
                0x08006528       0x38 Src/usb_device.o
                0x08006528                MX_USB_DEVICE_Init
 .text.CDC_DeInit_FS
                0x08006560        0xc Src/usbd_cdc_if.o
 .text.CDC_Control_FS
                0x0800656c        0x4 Src/usbd_cdc_if.o
 .text.CDC_Receive_FS
                0x08006570       0x20 Src/usbd_cdc_if.o
 .text.CDC_Init_FS
                0x08006590       0x30 Src/usbd_cdc_if.o
 .text.CDC_Transmit_FS
                0x080065c0       0x2c Src/usbd_cdc_if.o
                0x080065c0                CDC_Transmit_FS
 .text.HAL_PCD_MspInit
                0x080065ec       0x78 Src/usbd_conf.o
                0x080065ec                HAL_PCD_MspInit
 .text.HAL_PCD_SetupStageCallback
                0x08006664       0x10 Src/usbd_conf.o
                0x08006664                HAL_PCD_SetupStageCallback
 .text.HAL_PCD_DataOutStageCallback
                0x08006674       0x18 Src/usbd_conf.o
                0x08006674                HAL_PCD_DataOutStageCallback
 .text.HAL_PCD_DataInStageCallback
                0x0800668c       0x18 Src/usbd_conf.o
                0x0800668c                HAL_PCD_DataInStageCallback
 .text.HAL_PCD_SOFCallback
                0x080066a4        0xc Src/usbd_conf.o
                0x080066a4                HAL_PCD_SOFCallback
 .text.HAL_PCD_ResetCallback
                0x080066b0       0x20 Src/usbd_conf.o
                0x080066b0                HAL_PCD_ResetCallback
 .text.HAL_PCD_SuspendCallback
                0x080066d0       0x30 Src/usbd_conf.o
                0x080066d0                HAL_PCD_SuspendCallback
 .text.HAL_PCD_ResumeCallback
                0x08006700        0xc Src/usbd_conf.o
                0x08006700                HAL_PCD_ResumeCallback
 .text.HAL_PCD_ISOOUTIncompleteCallback
                0x0800670c        0xc Src/usbd_conf.o
                0x0800670c                HAL_PCD_ISOOUTIncompleteCallback
 .text.HAL_PCD_ISOINIncompleteCallback
                0x08006718        0xc Src/usbd_conf.o
                0x08006718                HAL_PCD_ISOINIncompleteCallback
 .text.HAL_PCD_ConnectCallback
                0x08006724        0xc Src/usbd_conf.o
                0x08006724                HAL_PCD_ConnectCallback
 .text.HAL_PCD_DisconnectCallback
                0x08006730        0xc Src/usbd_conf.o
                0x08006730                HAL_PCD_DisconnectCallback
 .text.USBD_LL_Init
                0x0800673c       0x68 Src/usbd_conf.o
                0x0800673c                USBD_LL_Init
 .text.USBD_LL_Start
                0x080067a4       0x20 Src/usbd_conf.o
                0x080067a4                USBD_LL_Start
 .text.USBD_LL_OpenEP
                0x080067c4       0x24 Src/usbd_conf.o
                0x080067c4                USBD_LL_OpenEP
 .text.USBD_LL_CloseEP
                0x080067e8       0x20 Src/usbd_conf.o
                0x080067e8                USBD_LL_CloseEP
 .text.USBD_LL_StallEP
                0x08006808       0x20 Src/usbd_conf.o
                0x08006808                USBD_LL_StallEP
 .text.USBD_LL_ClearStallEP
                0x08006828       0x20 Src/usbd_conf.o
                0x08006828                USBD_LL_ClearStallEP
 .text.USBD_LL_IsStallEP
                0x08006848       0x30 Src/usbd_conf.o
                0x08006848                USBD_LL_IsStallEP
 .text.USBD_LL_SetUSBAddress
                0x08006878       0x20 Src/usbd_conf.o
                0x08006878                USBD_LL_SetUSBAddress
 .text.USBD_LL_Transmit
                0x08006898       0x20 Src/usbd_conf.o
                0x08006898                USBD_LL_Transmit
 .text.USBD_LL_PrepareReceive
                0x080068b8       0x20 Src/usbd_conf.o
                0x080068b8                USBD_LL_PrepareReceive
 .text.USBD_LL_GetRxDataSize
                0x080068d8        0xc Src/usbd_conf.o
                0x080068d8                USBD_LL_GetRxDataSize
 .text.USBD_FS_DeviceDescriptor
                0x080068e4        0xc Src/usbd_desc.o
                0x080068e4                USBD_FS_DeviceDescriptor
 .text.USBD_FS_LangIDStrDescriptor
                0x080068f0        0xc Src/usbd_desc.o
                0x080068f0                USBD_FS_LangIDStrDescriptor
 .text.USBD_FS_ProductStrDescriptor
                0x080068fc       0x24 Src/usbd_desc.o
                0x080068fc                USBD_FS_ProductStrDescriptor
 .text.USBD_FS_ManufacturerStrDescriptor
                0x08006920       0x1c Src/usbd_desc.o
                0x08006920                USBD_FS_ManufacturerStrDescriptor
 .text.USBD_FS_SerialStrDescriptor
                0x0800693c       0x24 Src/usbd_desc.o
                0x0800693c                USBD_FS_SerialStrDescriptor
 .text.USBD_FS_ConfigStrDescriptor
                0x08006960       0x24 Src/usbd_desc.o
                0x08006960                USBD_FS_ConfigStrDescriptor
 .text.USBD_FS_InterfaceStrDescriptor
                0x08006984       0x24 Src/usbd_desc.o
                0x08006984                USBD_FS_InterfaceStrDescriptor
 .text.Reset_Handler
                0x080069a8       0x50 startup/startup_stm32f407xx.o
                0x080069a8                Reset_Handler
 .text.Default_Handler
                0x080069f8        0x2 startup/startup_stm32f407xx.o
                0x080069f8                RTC_Alarm_IRQHandler
                0x080069f8                HASH_RNG_IRQHandler
                0x080069f8                TIM8_CC_IRQHandler
                0x080069f8                DebugMon_Handler
                0x080069f8                TIM1_CC_IRQHandler
                0x080069f8                DMA2_Stream5_IRQHandler
                0x080069f8                HardFault_Handler
                0x080069f8                DMA1_Stream5_IRQHandler
                0x080069f8                PVD_IRQHandler
                0x080069f8                SDIO_IRQHandler
                0x080069f8                TAMP_STAMP_IRQHandler
                0x080069f8                NMI_Handler
                0x080069f8                CAN2_RX1_IRQHandler
                0x080069f8                EXTI3_IRQHandler
                0x080069f8                TIM8_TRG_COM_TIM14_IRQHandler
                0x080069f8                TIM1_UP_TIM10_IRQHandler
                0x080069f8                TIM8_UP_TIM13_IRQHandler
                0x080069f8                I2C3_ER_IRQHandler
                0x080069f8                EXTI0_IRQHandler
                0x080069f8                I2C2_EV_IRQHandler
                0x080069f8                DMA1_Stream2_IRQHandler
                0x080069f8                CAN1_RX0_IRQHandler
                0x080069f8                FPU_IRQHandler
                0x080069f8                OTG_HS_WKUP_IRQHandler
                0x080069f8                UsageFault_Handler
                0x080069f8                CAN2_SCE_IRQHandler
                0x080069f8                DMA2_Stream2_IRQHandler
                0x080069f8                SPI1_IRQHandler
                0x080069f8                TIM6_DAC_IRQHandler
                0x080069f8                TIM1_BRK_TIM9_IRQHandler
                0x080069f8                DCMI_IRQHandler
                0x080069f8                CAN2_RX0_IRQHandler
                0x080069f8                DMA2_Stream3_IRQHandler
                0x080069f8                USART6_IRQHandler
                0x080069f8                USART3_IRQHandler
                0x080069f8                CAN1_RX1_IRQHandler
                0x080069f8                DMA2_Stream0_IRQHandler
                0x080069f8                TIM4_IRQHandler
                0x080069f8                I2C1_EV_IRQHandler
                0x080069f8                DMA1_Stream6_IRQHandler
                0x080069f8                DMA1_Stream1_IRQHandler
                0x080069f8                UART4_IRQHandler
                0x080069f8                TIM3_IRQHandler
                0x080069f8                RCC_IRQHandler
                0x080069f8                TIM8_BRK_TIM12_IRQHandler
                0x080069f8                Default_Handler
                0x080069f8                EXTI15_10_IRQHandler
                0x080069f8                ADC_IRQHandler
                0x080069f8                DMA1_Stream7_IRQHandler
                0x080069f8                TIM7_IRQHandler
                0x080069f8                CAN2_TX_IRQHandler
                0x080069f8                TIM5_IRQHandler
                0x080069f8                DMA2_Stream7_IRQHandler
                0x080069f8                I2C3_EV_IRQHandler
                0x080069f8                RTC_WKUP_IRQHandler
                0x080069f8                ETH_WKUP_IRQHandler
                0x080069f8                SPI2_IRQHandler
                0x080069f8                OTG_HS_EP1_IN_IRQHandler
                0x080069f8                MemManage_Handler
                0x080069f8                DMA1_Stream0_IRQHandler
                0x080069f8                CAN1_TX_IRQHandler
                0x080069f8                EXTI4_IRQHandler
                0x080069f8                FSMC_IRQHandler
                0x080069f8                ETH_IRQHandler
                0x080069f8                OTG_HS_EP1_OUT_IRQHandler
                0x080069f8                WWDG_IRQHandler
                0x080069f8                TIM2_IRQHandler
                0x080069f8                OTG_FS_WKUP_IRQHandler
                0x080069f8                TIM1_TRG_COM_TIM11_IRQHandler
                0x080069f8                OTG_HS_IRQHandler
                0x080069f8                USART2_IRQHandler
                0x080069f8                I2C2_ER_IRQHandler
                0x080069f8                DMA2_Stream1_IRQHandler
                0x080069f8                CAN1_SCE_IRQHandler
                0x080069f8                FLASH_IRQHandler
                0x080069f8                DMA2_Stream4_IRQHandler
                0x080069f8                BusFault_Handler
                0x080069f8                USART1_IRQHandler
                0x080069f8                SPI3_IRQHandler
                0x080069f8                DMA1_Stream4_IRQHandler
                0x080069f8                I2C1_ER_IRQHandler
                0x080069f8                DMA2_Stream6_IRQHandler
                0x080069f8                DMA1_Stream3_IRQHandler
 *fill*         0x080069fa        0x2 
 .text.cosf     0x080069fc       0x90 c:/ac6/systemworkbench/plugins/fr.ac6.mcu.externaltools.arm-none.win32_1.13.2.201703061525/tools/compiler/bin/../lib/gcc/arm-none-eabi/5.4.1/../../../../arm-none-eabi/lib/armv7e-m/fpu\libm.a(lib_a-sf_cos.o)
                0x080069fc                cosf
 .text.lroundf  0x08006a8c       0x64 c:/ac6/systemworkbench/plugins/fr.ac6.mcu.externaltools.arm-none.win32_1.13.2.201703061525/tools/compiler/bin/../lib/gcc/arm-none-eabi/5.4.1/../../../../arm-none-eabi/lib/armv7e-m/fpu\libm.a(lib_a-sf_lround.o)
                0x08006a8c                lroundf
 .text.atan2f   0x08006af0        0x4 c:/ac6/systemworkbench/plugins/fr.ac6.mcu.externaltools.arm-none.win32_1.13.2.201703061525/tools/compiler/bin/../lib/gcc/arm-none-eabi/5.4.1/../../../../arm-none-eabi/lib/armv7e-m/fpu\libm.a(lib_a-wf_atan2.o)
                0x08006af0                atan2f
 .text.__ieee754_atan2f
                0x08006af4      0x16c c:/ac6/systemworkbench/plugins/fr.ac6.mcu.externaltools.arm-none.win32_1.13.2.201703061525/tools/compiler/bin/../lib/gcc/arm-none-eabi/5.4.1/../../../../arm-none-eabi/lib/armv7e-m/fpu\libm.a(lib_a-ef_atan2.o)
                0x08006af4                __ieee754_atan2f
 .text.__ieee754_rem_pio2f
                0x08006c60      0x298 c:/ac6/systemworkbench/plugins/fr.ac6.mcu.externaltools.arm-none.win32_1.13.2.201703061525/tools/compiler/bin/../lib/gcc/arm-none-eabi/5.4.1/../../../../arm-none-eabi/lib/armv7e-m/fpu\libm.a(lib_a-ef_rem_pio2.o)
                0x08006c60                __ieee754_rem_pio2f
 .text.__kernel_cosf
                0x08006ef8      0x104 c:/ac6/systemworkbench/plugins/fr.ac6.mcu.externaltools.arm-none.win32_1.13.2.201703061525/tools/compiler/bin/../lib/gcc/arm-none-eabi/5.4.1/../../../../arm-none-eabi/lib/armv7e-m/fpu\libm.a(lib_a-kf_cos.o)
                0x08006ef8                __kernel_cosf
 .text.__kernel_rem_pio2f
                0x08006ffc      0x630 c:/ac6/systemworkbench/plugins/fr.ac6.mcu.externaltools.arm-none.win32_1.13.2.201703061525/tools/compiler/bin/../lib/gcc/arm-none-eabi/5.4.1/../../../../arm-none-eabi/lib/armv7e-m/fpu\libm.a(lib_a-kf_rem_pio2.o)
                0x08006ffc                __kernel_rem_pio2f
 .text.__kernel_sinf
                0x0800762c       0x90 c:/ac6/systemworkbench/plugins/fr.ac6.mcu.externaltools.arm-none.win32_1.13.2.201703061525/tools/compiler/bin/../lib/gcc/arm-none-eabi/5.4.1/../../../../arm-none-eabi/lib/armv7e-m/fpu\libm.a(lib_a-kf_sin.o)
                0x0800762c                __kernel_sinf
 .text.atanf    0x080076bc      0x1b8 c:/ac6/systemworkbench/plugins/fr.ac6.mcu.externaltools.arm-none.win32_1.13.2.201703061525/tools/compiler/bin/../lib/gcc/arm-none-eabi/5.4.1/../../../../arm-none-eabi/lib/armv7e-m/fpu\libm.a(lib_a-sf_atan.o)
                0x080076bc                atanf
 .text.fabsf    0x08007874       0x10 c:/ac6/systemworkbench/plugins/fr.ac6.mcu.externaltools.arm-none.win32_1.13.2.201703061525/tools/compiler/bin/../lib/gcc/arm-none-eabi/5.4.1/../../../../arm-none-eabi/lib/armv7e-m/fpu\libm.a(lib_a-sf_fabs.o)
                0x08007874                fabsf
 .text.floorf   0x08007884       0x90 c:/ac6/systemworkbench/plugins/fr.ac6.mcu.externaltools.arm-none.win32_1.13.2.201703061525/tools/compiler/bin/../lib/gcc/arm-none-eabi/5.4.1/../../../../arm-none-eabi/lib/armv7e-m/fpu\libm.a(lib_a-sf_floor.o)
                0x08007884                floorf
 .text.scalbnf  0x08007914       0xd0 c:/ac6/systemworkbench/plugins/fr.ac6.mcu.externaltools.arm-none.win32_1.13.2.201703061525/tools/compiler/bin/../lib/gcc/arm-none-eabi/5.4.1/../../../../arm-none-eabi/lib/armv7e-m/fpu\libm.a(lib_a-sf_scalbn.o)
                0x08007914                scalbnf
 .text.copysignf
                0x080079e4       0x18 c:/ac6/systemworkbench/plugins/fr.ac6.mcu.externaltools.arm-none.win32_1.13.2.201703061525/tools/compiler/bin/../lib/gcc/arm-none-eabi/5.4.1/../../../../arm-none-eabi/lib/armv7e-m/fpu\libm.a(lib_a-sf_copysign.o)
                0x080079e4                copysignf
 .text.__assert_func
                0x080079fc       0x3c c:/ac6/systemworkbench/plugins/fr.ac6.mcu.externaltools.arm-none.win32_1.13.2.201703061525/tools/compiler/bin/../lib/gcc/arm-none-eabi/5.4.1/../../../../arm-none-eabi/lib/armv7e-m/fpu\libc.a(lib_a-assert.o)
                0x080079fc                __assert_func
 .text.fiprintf
                0x08007a38       0x28 c:/ac6/systemworkbench/plugins/fr.ac6.mcu.externaltools.arm-none.win32_1.13.2.201703061525/tools/compiler/bin/../lib/gcc/arm-none-eabi/5.4.1/../../../../arm-none-eabi/lib/armv7e-m/fpu\libc.a(lib_a-fiprintf.o)
                0x08007a38                fiprintf
 .text.__libc_init_array
                0x08007a60       0x50 c:/ac6/systemworkbench/plugins/fr.ac6.mcu.externaltools.arm-none.win32_1.13.2.201703061525/tools/compiler/bin/../lib/gcc/arm-none-eabi/5.4.1/../../../../arm-none-eabi/lib/armv7e-m/fpu\libc.a(lib_a-init.o)
                0x08007a60                __libc_init_array
 .text.malloc   0x08007ab0       0x10 c:/ac6/systemworkbench/plugins/fr.ac6.mcu.externaltools.arm-none.win32_1.13.2.201703061525/tools/compiler/bin/../lib/gcc/arm-none-eabi/5.4.1/../../../../arm-none-eabi/lib/armv7e-m/fpu\libc.a(lib_a-malloc.o)
                0x08007ab0                malloc
 .text.free     0x08007ac0       0x10 c:/ac6/systemworkbench/plugins/fr.ac6.mcu.externaltools.arm-none.win32_1.13.2.201703061525/tools/compiler/bin/../lib/gcc/arm-none-eabi/5.4.1/../../../../arm-none-eabi/lib/armv7e-m/fpu\libc.a(lib_a-malloc.o)
                0x08007ac0                free
 .text._malloc_r
                0x08007ad0      0x570 c:/ac6/systemworkbench/plugins/fr.ac6.mcu.externaltools.arm-none.win32_1.13.2.201703061525/tools/compiler/bin/../lib/gcc/arm-none-eabi/5.4.1/../../../../arm-none-eabi/lib/armv7e-m/fpu\libc.a(lib_a-mallocr.o)
                0x08007ad0                _malloc_r
 .text.memset   0x08008040       0x9c c:/ac6/systemworkbench/plugins/fr.ac6.mcu.externaltools.arm-none.win32_1.13.2.201703061525/tools/compiler/bin/../lib/gcc/arm-none-eabi/5.4.1/../../../../arm-none-eabi/lib/armv7e-m/fpu\libc.a(lib_a-memset.o)
                0x08008040                memset
 .text.__malloc_lock
                0x080080dc        0x4 c:/ac6/systemworkbench/plugins/fr.ac6.mcu.externaltools.arm-none.win32_1.13.2.201703061525/tools/compiler/bin/../lib/gcc/arm-none-eabi/5.4.1/../../../../arm-none-eabi/lib/armv7e-m/fpu\libc.a(lib_a-mlock.o)
                0x080080dc                __malloc_lock
 .text.__malloc_unlock
                0x080080e0        0x4 c:/ac6/systemworkbench/plugins/fr.ac6.mcu.externaltools.arm-none.win32_1.13.2.201703061525/tools/compiler/bin/../lib/gcc/arm-none-eabi/5.4.1/../../../../arm-none-eabi/lib/armv7e-m/fpu\libc.a(lib_a-mlock.o)
                0x080080e0                __malloc_unlock
 .text._sbrk_r  0x080080e4       0x24 c:/ac6/systemworkbench/plugins/fr.ac6.mcu.externaltools.arm-none.win32_1.13.2.201703061525/tools/compiler/bin/../lib/gcc/arm-none-eabi/5.4.1/../../../../arm-none-eabi/lib/armv7e-m/fpu\libc.a(lib_a-sbrkr.o)
                0x080080e4                _sbrk_r
 .text.__sprint_r.part.0
                0x08008108       0x78 c:/ac6/systemworkbench/plugins/fr.ac6.mcu.externaltools.arm-none.win32_1.13.2.201703061525/tools/compiler/bin/../lib/gcc/arm-none-eabi/5.4.1/../../../../arm-none-eabi/lib/armv7e-m/fpu\libc.a(lib_a-vfiprintf.o)
 .text._vfiprintf_r
                0x08008180      0xdfc c:/ac6/systemworkbench/plugins/fr.ac6.mcu.externaltools.arm-none.win32_1.13.2.201703061525/tools/compiler/bin/../lib/gcc/arm-none-eabi/5.4.1/../../../../arm-none-eabi/lib/armv7e-m/fpu\libc.a(lib_a-vfiprintf.o)
                0x08008180                _vfiprintf_r
 .text.__sbprintf
                0x08008f7c       0x6c c:/ac6/systemworkbench/plugins/fr.ac6.mcu.externaltools.arm-none.win32_1.13.2.201703061525/tools/compiler/bin/../lib/gcc/arm-none-eabi/5.4.1/../../../../arm-none-eabi/lib/armv7e-m/fpu\libc.a(lib_a-vfiprintf.o)
 .text.__swsetup_r
                0x08008fe8       0xc8 c:/ac6/systemworkbench/plugins/fr.ac6.mcu.externaltools.arm-none.win32_1.13.2.201703061525/tools/compiler/bin/../lib/gcc/arm-none-eabi/5.4.1/../../../../arm-none-eabi/lib/armv7e-m/fpu\libc.a(lib_a-wsetup.o)
                0x08008fe8                __swsetup_r
 .text.startup.register_fini
                0x080090b0       0x14 c:/ac6/systemworkbench/plugins/fr.ac6.mcu.externaltools.arm-none.win32_1.13.2.201703061525/tools/compiler/bin/../lib/gcc/arm-none-eabi/5.4.1/../../../../arm-none-eabi/lib/armv7e-m/fpu\libc.a(lib_a-__call_atexit.o)
 .text.abort    0x080090c4       0x10 c:/ac6/systemworkbench/plugins/fr.ac6.mcu.externaltools.arm-none.win32_1.13.2.201703061525/tools/compiler/bin/../lib/gcc/arm-none-eabi/5.4.1/../../../../arm-none-eabi/lib/armv7e-m/fpu\libc.a(lib_a-abort.o)
                0x080090c4                abort
 .text.atexit   0x080090d4        0xc c:/ac6/systemworkbench/plugins/fr.ac6.mcu.externaltools.arm-none.win32_1.13.2.201703061525/tools/compiler/bin/../lib/gcc/arm-none-eabi/5.4.1/../../../../arm-none-eabi/lib/armv7e-m/fpu\libc.a(lib_a-atexit.o)
                0x080090d4                atexit
 .text.__sflush_r
                0x080090e0      0x148 c:/ac6/systemworkbench/plugins/fr.ac6.mcu.externaltools.arm-none.win32_1.13.2.201703061525/tools/compiler/bin/../lib/gcc/arm-none-eabi/5.4.1/../../../../arm-none-eabi/lib/armv7e-m/fpu\libc.a(lib_a-fflush.o)
                0x080090e0                __sflush_r
 .text._fflush_r
                0x08009228       0x2c c:/ac6/systemworkbench/plugins/fr.ac6.mcu.externaltools.arm-none.win32_1.13.2.201703061525/tools/compiler/bin/../lib/gcc/arm-none-eabi/5.4.1/../../../../arm-none-eabi/lib/armv7e-m/fpu\libc.a(lib_a-fflush.o)
                0x08009228                _fflush_r
 .text._cleanup_r
                0x08009254        0xc c:/ac6/systemworkbench/plugins/fr.ac6.mcu.externaltools.arm-none.win32_1.13.2.201703061525/tools/compiler/bin/../lib/gcc/arm-none-eabi/5.4.1/../../../../arm-none-eabi/lib/armv7e-m/fpu\libc.a(lib_a-findfp.o)
                0x08009254                _cleanup_r
 .text.__sinit.part.1
                0x08009260       0xf0 c:/ac6/systemworkbench/plugins/fr.ac6.mcu.externaltools.arm-none.win32_1.13.2.201703061525/tools/compiler/bin/../lib/gcc/arm-none-eabi/5.4.1/../../../../arm-none-eabi/lib/armv7e-m/fpu\libc.a(lib_a-findfp.o)
 .text.__sinit  0x08009350        0xc c:/ac6/systemworkbench/plugins/fr.ac6.mcu.externaltools.arm-none.win32_1.13.2.201703061525/tools/compiler/bin/../lib/gcc/arm-none-eabi/5.4.1/../../../../arm-none-eabi/lib/armv7e-m/fpu\libc.a(lib_a-findfp.o)
                0x08009350                __sinit
 .text.__sfp_lock_acquire
                0x0800935c        0x4 c:/ac6/systemworkbench/plugins/fr.ac6.mcu.externaltools.arm-none.win32_1.13.2.201703061525/tools/compiler/bin/../lib/gcc/arm-none-eabi/5.4.1/../../../../arm-none-eabi/lib/armv7e-m/fpu\libc.a(lib_a-findfp.o)
                0x0800935c                __sfp_lock_acquire
 .text.__sfp_lock_release
                0x08009360        0x4 c:/ac6/systemworkbench/plugins/fr.ac6.mcu.externaltools.arm-none.win32_1.13.2.201703061525/tools/compiler/bin/../lib/gcc/arm-none-eabi/5.4.1/../../../../arm-none-eabi/lib/armv7e-m/fpu\libc.a(lib_a-findfp.o)
                0x08009360                __sfp_lock_release
 .text.__libc_fini_array
                0x08009364       0x28 c:/ac6/systemworkbench/plugins/fr.ac6.mcu.externaltools.arm-none.win32_1.13.2.201703061525/tools/compiler/bin/../lib/gcc/arm-none-eabi/5.4.1/../../../../arm-none-eabi/lib/armv7e-m/fpu\libc.a(lib_a-fini.o)
                0x08009364                __libc_fini_array
 .text.__fputwc
                0x0800938c       0x98 c:/ac6/systemworkbench/plugins/fr.ac6.mcu.externaltools.arm-none.win32_1.13.2.201703061525/tools/compiler/bin/../lib/gcc/arm-none-eabi/5.4.1/../../../../arm-none-eabi/lib/armv7e-m/fpu\libc.a(lib_a-fputwc.o)
                0x0800938c                __fputwc
 .text._fputwc_r
                0x08009424       0x28 c:/ac6/systemworkbench/plugins/fr.ac6.mcu.externaltools.arm-none.win32_1.13.2.201703061525/tools/compiler/bin/../lib/gcc/arm-none-eabi/5.4.1/../../../../arm-none-eabi/lib/armv7e-m/fpu\libc.a(lib_a-fputwc.o)
                0x08009424                _fputwc_r
 .text._malloc_trim_r
                0x0800944c       0x9c c:/ac6/systemworkbench/plugins/fr.ac6.mcu.externaltools.arm-none.win32_1.13.2.201703061525/tools/compiler/bin/../lib/gcc/arm-none-eabi/5.4.1/../../../../arm-none-eabi/lib/armv7e-m/fpu\libc.a(lib_a-freer.o)
                0x0800944c                _malloc_trim_r
 .text._free_r  0x080094e8      0x1d0 c:/ac6/systemworkbench/plugins/fr.ac6.mcu.externaltools.arm-none.win32_1.13.2.201703061525/tools/compiler/bin/../lib/gcc/arm-none-eabi/5.4.1/../../../../arm-none-eabi/lib/armv7e-m/fpu\libc.a(lib_a-freer.o)
                0x080094e8                _free_r
 .text.__sfvwrite_r
                0x080096b8      0x304 c:/ac6/systemworkbench/plugins/fr.ac6.mcu.externaltools.arm-none.win32_1.13.2.201703061525/tools/compiler/bin/../lib/gcc/arm-none-eabi/5.4.1/../../../../arm-none-eabi/lib/armv7e-m/fpu\libc.a(lib_a-fvwrite.o)
                0x080096b8                __sfvwrite_r
 .text._fwalk_reent
                0x080099bc       0x54 c:/ac6/systemworkbench/plugins/fr.ac6.mcu.externaltools.arm-none.win32_1.13.2.201703061525/tools/compiler/bin/../lib/gcc/arm-none-eabi/5.4.1/../../../../arm-none-eabi/lib/armv7e-m/fpu\libc.a(lib_a-fwalk.o)
                0x080099bc                _fwalk_reent
 .text.__locale_mb_cur_max
                0x08009a10       0x1c c:/ac6/systemworkbench/plugins/fr.ac6.mcu.externaltools.arm-none.win32_1.13.2.201703061525/tools/compiler/bin/../lib/gcc/arm-none-eabi/5.4.1/../../../../arm-none-eabi/lib/armv7e-m/fpu\libc.a(lib_a-locale.o)
                0x08009a10                __locale_mb_cur_max
 .text.__swhatbuf_r
                0x08009a2c       0x60 c:/ac6/systemworkbench/plugins/fr.ac6.mcu.externaltools.arm-none.win32_1.13.2.201703061525/tools/compiler/bin/../lib/gcc/arm-none-eabi/5.4.1/../../../../arm-none-eabi/lib/armv7e-m/fpu\libc.a(lib_a-makebuf.o)
                0x08009a2c                __swhatbuf_r
 .text.__smakebuf_r
                0x08009a8c       0x88 c:/ac6/systemworkbench/plugins/fr.ac6.mcu.externaltools.arm-none.win32_1.13.2.201703061525/tools/compiler/bin/../lib/gcc/arm-none-eabi/5.4.1/../../../../arm-none-eabi/lib/armv7e-m/fpu\libc.a(lib_a-makebuf.o)
                0x08009a8c                __smakebuf_r
 .text.__ascii_mbtowc
                0x08009b14       0x2c c:/ac6/systemworkbench/plugins/fr.ac6.mcu.externaltools.arm-none.win32_1.13.2.201703061525/tools/compiler/bin/../lib/gcc/arm-none-eabi/5.4.1/../../../../arm-none-eabi/lib/armv7e-m/fpu\libc.a(lib_a-mbtowc_r.o)
                0x08009b14                __ascii_mbtowc
 .text.memmove  0x08009b40       0xc8 c:/ac6/systemworkbench/plugins/fr.ac6.mcu.externaltools.arm-none.win32_1.13.2.201703061525/tools/compiler/bin/../lib/gcc/arm-none-eabi/5.4.1/../../../../arm-none-eabi/lib/armv7e-m/fpu\libc.a(lib_a-memmove.o)
                0x08009b40                memmove
 .text._realloc_r
                0x08009c08      0x3e0 c:/ac6/systemworkbench/plugins/fr.ac6.mcu.externaltools.arm-none.win32_1.13.2.201703061525/tools/compiler/bin/../lib/gcc/arm-none-eabi/5.4.1/../../../../arm-none-eabi/lib/armv7e-m/fpu\libc.a(lib_a-reallocr.o)
                0x08009c08                _realloc_r
 .text._raise_r
                0x08009fe8       0x58 c:/ac6/systemworkbench/plugins/fr.ac6.mcu.externaltools.arm-none.win32_1.13.2.201703061525/tools/compiler/bin/../lib/gcc/arm-none-eabi/5.4.1/../../../../arm-none-eabi/lib/armv7e-m/fpu\libc.a(lib_a-signal.o)
                0x08009fe8                _raise_r
 .text.raise    0x0800a040       0x10 c:/ac6/systemworkbench/plugins/fr.ac6.mcu.externaltools.arm-none.win32_1.13.2.201703061525/tools/compiler/bin/../lib/gcc/arm-none-eabi/5.4.1/../../../../arm-none-eabi/lib/armv7e-m/fpu\libc.a(lib_a-signal.o)
                0x0800a040                raise
 .text._kill_r  0x0800a050       0x28 c:/ac6/systemworkbench/plugins/fr.ac6.mcu.externaltools.arm-none.win32_1.13.2.201703061525/tools/compiler/bin/../lib/gcc/arm-none-eabi/5.4.1/../../../../arm-none-eabi/lib/armv7e-m/fpu\libc.a(lib_a-signalr.o)
                0x0800a050                _kill_r
 .text._getpid_r
                0x0800a078        0x4 c:/ac6/systemworkbench/plugins/fr.ac6.mcu.externaltools.arm-none.win32_1.13.2.201703061525/tools/compiler/bin/../lib/gcc/arm-none-eabi/5.4.1/../../../../arm-none-eabi/lib/armv7e-m/fpu\libc.a(lib_a-signalr.o)
                0x0800a078                _getpid_r
 .text.__sread  0x0800a07c       0x24 c:/ac6/systemworkbench/plugins/fr.ac6.mcu.externaltools.arm-none.win32_1.13.2.201703061525/tools/compiler/bin/../lib/gcc/arm-none-eabi/5.4.1/../../../../arm-none-eabi/lib/armv7e-m/fpu\libc.a(lib_a-stdio.o)
                0x0800a07c                __sread
 .text.__swrite
                0x0800a0a0       0x3c c:/ac6/systemworkbench/plugins/fr.ac6.mcu.externaltools.arm-none.win32_1.13.2.201703061525/tools/compiler/bin/../lib/gcc/arm-none-eabi/5.4.1/../../../../arm-none-eabi/lib/armv7e-m/fpu\libc.a(lib_a-stdio.o)
                0x0800a0a0                __swrite
 .text.__sseek  0x0800a0dc       0x20 c:/ac6/systemworkbench/plugins/fr.ac6.mcu.externaltools.arm-none.win32_1.13.2.201703061525/tools/compiler/bin/../lib/gcc/arm-none-eabi/5.4.1/../../../../arm-none-eabi/lib/armv7e-m/fpu\libc.a(lib_a-stdio.o)
                0x0800a0dc                __sseek
 .text.__sclose
                0x0800a0fc        0x8 c:/ac6/systemworkbench/plugins/fr.ac6.mcu.externaltools.arm-none.win32_1.13.2.201703061525/tools/compiler/bin/../lib/gcc/arm-none-eabi/5.4.1/../../../../arm-none-eabi/lib/armv7e-m/fpu\libc.a(lib_a-stdio.o)
                0x0800a0fc                __sclose
 .text.__swbuf_r
                0x0800a104       0xac c:/ac6/systemworkbench/plugins/fr.ac6.mcu.externaltools.arm-none.win32_1.13.2.201703061525/tools/compiler/bin/../lib/gcc/arm-none-eabi/5.4.1/../../../../arm-none-eabi/lib/armv7e-m/fpu\libc.a(lib_a-wbuf.o)
                0x0800a104                __swbuf_r
 .text._wcrtomb_r
                0x0800a1b0       0x54 c:/ac6/systemworkbench/plugins/fr.ac6.mcu.externaltools.arm-none.win32_1.13.2.201703061525/tools/compiler/bin/../lib/gcc/arm-none-eabi/5.4.1/../../../../arm-none-eabi/lib/armv7e-m/fpu\libc.a(lib_a-wcrtomb.o)
                0x0800a1b0                _wcrtomb_r
 .text.__ascii_wctomb
                0x0800a204       0x1c c:/ac6/systemworkbench/plugins/fr.ac6.mcu.externaltools.arm-none.win32_1.13.2.201703061525/tools/compiler/bin/../lib/gcc/arm-none-eabi/5.4.1/../../../../arm-none-eabi/lib/armv7e-m/fpu\libc.a(lib_a-wctomb_r.o)
                0x0800a204                __ascii_wctomb
 .text._write_r
                0x0800a220       0x2c c:/ac6/systemworkbench/plugins/fr.ac6.mcu.externaltools.arm-none.win32_1.13.2.201703061525/tools/compiler/bin/../lib/gcc/arm-none-eabi/5.4.1/../../../../arm-none-eabi/lib/armv7e-m/fpu\libc.a(lib_a-writer.o)
                0x0800a220                _write_r
 .text.__register_exitproc
                0x0800a24c       0xa4 c:/ac6/systemworkbench/plugins/fr.ac6.mcu.externaltools.arm-none.win32_1.13.2.201703061525/tools/compiler/bin/../lib/gcc/arm-none-eabi/5.4.1/../../../../arm-none-eabi/lib/armv7e-m/fpu\libc.a(lib_a-__atexit.o)
                0x0800a24c                __register_exitproc
 .text._close_r
                0x0800a2f0       0x24 c:/ac6/systemworkbench/plugins/fr.ac6.mcu.externaltools.arm-none.win32_1.13.2.201703061525/tools/compiler/bin/../lib/gcc/arm-none-eabi/5.4.1/../../../../arm-none-eabi/lib/armv7e-m/fpu\libc.a(lib_a-closer.o)
                0x0800a2f0                _close_r
 .text._fclose_r
                0x0800a314       0x84 c:/ac6/systemworkbench/plugins/fr.ac6.mcu.externaltools.arm-none.win32_1.13.2.201703061525/tools/compiler/bin/../lib/gcc/arm-none-eabi/5.4.1/../../../../arm-none-eabi/lib/armv7e-m/fpu\libc.a(lib_a-fclose.o)
                0x0800a314                _fclose_r
 .text._fstat_r
                0x0800a398       0x28 c:/ac6/systemworkbench/plugins/fr.ac6.mcu.externaltools.arm-none.win32_1.13.2.201703061525/tools/compiler/bin/../lib/gcc/arm-none-eabi/5.4.1/../../../../arm-none-eabi/lib/armv7e-m/fpu\libc.a(lib_a-fstatr.o)
                0x0800a398                _fstat_r
 .text._isatty_r
                0x0800a3c0       0x24 c:/ac6/systemworkbench/plugins/fr.ac6.mcu.externaltools.arm-none.win32_1.13.2.201703061525/tools/compiler/bin/../lib/gcc/arm-none-eabi/5.4.1/../../../../arm-none-eabi/lib/armv7e-m/fpu\libc.a(lib_a-isattyr.o)
                0x0800a3c0                _isatty_r
 .text._lseek_r
                0x0800a3e4       0x2c c:/ac6/systemworkbench/plugins/fr.ac6.mcu.externaltools.arm-none.win32_1.13.2.201703061525/tools/compiler/bin/../lib/gcc/arm-none-eabi/5.4.1/../../../../arm-none-eabi/lib/armv7e-m/fpu\libc.a(lib_a-lseekr.o)
                0x0800a3e4                _lseek_r
 .text._read_r  0x0800a410       0x2c c:/ac6/systemworkbench/plugins/fr.ac6.mcu.externaltools.arm-none.win32_1.13.2.201703061525/tools/compiler/bin/../lib/gcc/arm-none-eabi/5.4.1/../../../../arm-none-eabi/lib/armv7e-m/fpu\libc.a(lib_a-readr.o)
                0x0800a410                _read_r
 *(.glue_7)
 .glue_7        0x0800a43c        0x0 linker stubs
 *(.glue_7t)
 .glue_7t       0x0800a43c        0x0 linker stubs
 *(.eh_frame)
 .eh_frame      0x0800a43c        0x0 c:/ac6/systemworkbench/plugins/fr.ac6.mcu.externaltools.arm-none.win32_1.13.2.201703061525/tools/compiler/bin/../lib/gcc/arm-none-eabi/5.4.1/armv7e-m/fpu/crtbegin.o
 *(.init)
 .init          0x0800a43c        0x4 c:/ac6/systemworkbench/plugins/fr.ac6.mcu.externaltools.arm-none.win32_1.13.2.201703061525/tools/compiler/bin/../lib/gcc/arm-none-eabi/5.4.1/armv7e-m/fpu/crti.o
                0x0800a43c                _init
 .init          0x0800a440        0x8 c:/ac6/systemworkbench/plugins/fr.ac6.mcu.externaltools.arm-none.win32_1.13.2.201703061525/tools/compiler/bin/../lib/gcc/arm-none-eabi/5.4.1/armv7e-m/fpu/crtn.o
 *(.fini)
 .fini          0x0800a448        0x4 c:/ac6/systemworkbench/plugins/fr.ac6.mcu.externaltools.arm-none.win32_1.13.2.201703061525/tools/compiler/bin/../lib/gcc/arm-none-eabi/5.4.1/armv7e-m/fpu/crti.o
                0x0800a448                _fini
 .fini          0x0800a44c        0x8 c:/ac6/systemworkbench/plugins/fr.ac6.mcu.externaltools.arm-none.win32_1.13.2.201703061525/tools/compiler/bin/../lib/gcc/arm-none-eabi/5.4.1/armv7e-m/fpu/crtn.o
                0x0800a454                . = ALIGN (0x4)
                0x0800a454                _etext = .

.vfp11_veneer   0x0800a454        0x0
 .vfp11_veneer  0x0800a454        0x0 linker stubs

.v4_bx          0x0800a454        0x0
 .v4_bx         0x0800a454        0x0 linker stubs

.iplt           0x0800a454        0x0
 .iplt          0x0800a454        0x0 c:/ac6/systemworkbench/plugins/fr.ac6.mcu.externaltools.arm-none.win32_1.13.2.201703061525/tools/compiler/bin/../lib/gcc/arm-none-eabi/5.4.1/armv7e-m/fpu/crtbegin.o

.rodata         0x0800a454      0xa40
                0x0800a454                . = ALIGN (0x4)
 *(.rodata)
 .rodata        0x0800a454       0x42 Src/comm_ascii.o
 *fill*         0x0800a496        0x2 
 .rodata        0x0800a498       0x12 Src/events.o
 *fill*         0x0800a4aa        0x2 
 .rodata        0x0800a4ac      0x3df Src/servo.o
 *fill*         0x0800a88b        0x1 
 .rodata        0x0800a88c       0x18 Src/system_stm32f4xx.o
                0x0800a88c                AHBPrescTable
                0x0800a89c                APBPrescTable
 *(.rodata*)
 .rodata.str1.4
                0x0800a8a4       0x56 Src/usbd_desc.o
 *fill*         0x0800a8fa        0x2 
 .rodata.npio2_hw
                0x0800a8fc       0x80 c:/ac6/systemworkbench/plugins/fr.ac6.mcu.externaltools.arm-none.win32_1.13.2.201703061525/tools/compiler/bin/../lib/gcc/arm-none-eabi/5.4.1/../../../../arm-none-eabi/lib/armv7e-m/fpu\libm.a(lib_a-ef_rem_pio2.o)
 .rodata.two_over_pi
                0x0800a97c      0x318 c:/ac6/systemworkbench/plugins/fr.ac6.mcu.externaltools.arm-none.win32_1.13.2.201703061525/tools/compiler/bin/../lib/gcc/arm-none-eabi/5.4.1/../../../../arm-none-eabi/lib/armv7e-m/fpu\libm.a(lib_a-ef_rem_pio2.o)
 .rodata.init_jk
                0x0800ac94        0xc c:/ac6/systemworkbench/plugins/fr.ac6.mcu.externaltools.arm-none.win32_1.13.2.201703061525/tools/compiler/bin/../lib/gcc/arm-none-eabi/5.4.1/../../../../arm-none-eabi/lib/armv7e-m/fpu\libm.a(lib_a-kf_rem_pio2.o)
 .rodata.PIo2   0x0800aca0       0x2c c:/ac6/systemworkbench/plugins/fr.ac6.mcu.externaltools.arm-none.win32_1.13.2.201703061525/tools/compiler/bin/../lib/gcc/arm-none-eabi/5.4.1/../../../../arm-none-eabi/lib/armv7e-m/fpu\libm.a(lib_a-kf_rem_pio2.o)
 .rodata.atanlo
                0x0800accc       0x10 c:/ac6/systemworkbench/plugins/fr.ac6.mcu.externaltools.arm-none.win32_1.13.2.201703061525/tools/compiler/bin/../lib/gcc/arm-none-eabi/5.4.1/../../../../arm-none-eabi/lib/armv7e-m/fpu\libm.a(lib_a-sf_atan.o)
 .rodata.atanhi
                0x0800acdc       0x10 c:/ac6/systemworkbench/plugins/fr.ac6.mcu.externaltools.arm-none.win32_1.13.2.201703061525/tools/compiler/bin/../lib/gcc/arm-none-eabi/5.4.1/../../../../arm-none-eabi/lib/armv7e-m/fpu\libm.a(lib_a-sf_atan.o)
 .rodata.str1.4
                0x0800acec       0x3f c:/ac6/systemworkbench/plugins/fr.ac6.mcu.externaltools.arm-none.win32_1.13.2.201703061525/tools/compiler/bin/../lib/gcc/arm-none-eabi/5.4.1/../../../../arm-none-eabi/lib/armv7e-m/fpu\libc.a(lib_a-assert.o)
                                 0x43 (size before relaxing)
 *fill*         0x0800ad2b        0x1 
 .rodata._global_impure_ptr
                0x0800ad2c        0x4 c:/ac6/systemworkbench/plugins/fr.ac6.mcu.externaltools.arm-none.win32_1.13.2.201703061525/tools/compiler/bin/../lib/gcc/arm-none-eabi/5.4.1/../../../../arm-none-eabi/lib/armv7e-m/fpu\libc.a(lib_a-impure.o)
                0x0800ad2c                _global_impure_ptr
 .rodata.zeroes.7252
                0x0800ad30       0x10 c:/ac6/systemworkbench/plugins/fr.ac6.mcu.externaltools.arm-none.win32_1.13.2.201703061525/tools/compiler/bin/../lib/gcc/arm-none-eabi/5.4.1/../../../../arm-none-eabi/lib/armv7e-m/fpu\libc.a(lib_a-vfiprintf.o)
 .rodata.blanks.7251
                0x0800ad40       0x10 c:/ac6/systemworkbench/plugins/fr.ac6.mcu.externaltools.arm-none.win32_1.13.2.201703061525/tools/compiler/bin/../lib/gcc/arm-none-eabi/5.4.1/../../../../arm-none-eabi/lib/armv7e-m/fpu\libc.a(lib_a-vfiprintf.o)
 .rodata.str1.4
                0x0800ad50       0x2f c:/ac6/systemworkbench/plugins/fr.ac6.mcu.externaltools.arm-none.win32_1.13.2.201703061525/tools/compiler/bin/../lib/gcc/arm-none-eabi/5.4.1/../../../../arm-none-eabi/lib/armv7e-m/fpu\libc.a(lib_a-vfiprintf.o)
 *fill*         0x0800ad7f        0x1 
 .rodata.str1.4
                0x0800ad80       0x10 c:/ac6/systemworkbench/plugins/fr.ac6.mcu.externaltools.arm-none.win32_1.13.2.201703061525/tools/compiler/bin/../lib/gcc/arm-none-eabi/5.4.1/../../../../arm-none-eabi/lib/armv7e-m/fpu\libc.a(lib_a-locale.o)
                                 0x12 (size before relaxing)
 .rodata._ctype_
                0x0800ad90      0x101 c:/ac6/systemworkbench/plugins/fr.ac6.mcu.externaltools.arm-none.win32_1.13.2.201703061525/tools/compiler/bin/../lib/gcc/arm-none-eabi/5.4.1/../../../../arm-none-eabi/lib/armv7e-m/fpu\libc.a(lib_a-ctype_.o)
                0x0800ad90                _ctype_
                0x0800ae94                . = ALIGN (0x4)
 *fill*         0x0800ae91        0x3 

.ARM.extab
 *(.ARM.extab* .gnu.linkonce.armextab.*)

.ARM            0x0800ae94        0x8
                0x0800ae94                __exidx_start = .
 *(.ARM.exidx*)
 .ARM.exidx     0x0800ae94        0x8 c:/ac6/systemworkbench/plugins/fr.ac6.mcu.externaltools.arm-none.win32_1.13.2.201703061525/tools/compiler/bin/../lib/gcc/arm-none-eabi/5.4.1/armv7e-m/fpu\libgcc.a(_udivmoddi4.o)
                0x0800ae9c                __exidx_end = .

.rel.dyn        0x0800ae9c        0x0
 .rel.iplt      0x0800ae9c        0x0 c:/ac6/systemworkbench/plugins/fr.ac6.mcu.externaltools.arm-none.win32_1.13.2.201703061525/tools/compiler/bin/../lib/gcc/arm-none-eabi/5.4.1/armv7e-m/fpu/crtbegin.o

.preinit_array  0x0800ae9c        0x0
                0x0800ae9c                PROVIDE (__preinit_array_start, .)
 *(.preinit_array*)
                0x0800ae9c                PROVIDE (__preinit_array_end, .)

.init_array     0x0800ae9c        0x8
                0x0800ae9c                PROVIDE (__init_array_start, .)
 *(SORT(.init_array.*))
 .init_array.00000
                0x0800ae9c        0x4 c:/ac6/systemworkbench/plugins/fr.ac6.mcu.externaltools.arm-none.win32_1.13.2.201703061525/tools/compiler/bin/../lib/gcc/arm-none-eabi/5.4.1/../../../../arm-none-eabi/lib/armv7e-m/fpu\libc.a(lib_a-__call_atexit.o)
 *(.init_array*)
 .init_array    0x0800aea0        0x4 c:/ac6/systemworkbench/plugins/fr.ac6.mcu.externaltools.arm-none.win32_1.13.2.201703061525/tools/compiler/bin/../lib/gcc/arm-none-eabi/5.4.1/armv7e-m/fpu/crtbegin.o
                0x0800aea4                PROVIDE (__init_array_end, .)

.fini_array     0x0800aea4        0x4
                0x0800aea4                PROVIDE (__fini_array_start, .)
 *(SORT(.fini_array.*))
 *(.fini_array*)
 .fini_array    0x0800aea4        0x4 c:/ac6/systemworkbench/plugins/fr.ac6.mcu.externaltools.arm-none.win32_1.13.2.201703061525/tools/compiler/bin/../lib/gcc/arm-none-eabi/5.4.1/armv7e-m/fpu/crtbegin.o
                0x0800aea8                PROVIDE (__fini_array_end, .)
                0x0800aea8                _sidata = LOADADDR (.data)

.data           0x20000000      0xb50 load address 0x0800aea8
                0x20000000                . = ALIGN (0x4)
                0x20000000                _sdata = .
 *(.data)
 .data          0x20000000      0x110 Middlewares/ST/STM32_USB_Device_Library/Class/CDC/Src/usbd_cdc.o
                0x20000000                USBD_CDC_CfgFSDesc
                0x20000044                USBD_CDC_CfgHSDesc
                0x20000088                USBD_CDC_OtherSpeedCfgDesc
                0x200000d8                USBD_CDC
 .data          0x20000110        0x8 Src/comm_ascii.o
 .data          0x20000118       0x48 Src/main.o
 .data          0x20000160        0x4 Src/system_stm32f4xx.o
                0x20000160                SystemCoreClock
 .data          0x20000164       0x10 Src/usbd_cdc_if.o
                0x20000164                USBD_Interface_fops_FS
 .data          0x20000174       0x34 Src/usbd_desc.o
                0x20000174                USBD_FS_DeviceDesc
                0x20000188                USBD_LangIDDesc
                0x2000018c                FS_Desc
 *(.data*)
 .data.impure_data